<html>
<body>
<pre>
<h1>礦ision Build Log</h1>
<h2>Project:</h2>
E:\北京交通大学\展示机器人\代码\展示机器人控制板程序框架3\Project\Project.uvproj
Project File Date:  03/15/2018

<h2>Output:</h2>
Build target 'Project'
compiling main.c...
compiling open.c...
linking...
Program Size: Code=20228 RO-data=688 RW-data=132 ZI-data=8036  
FromELF: creating hex file...
"..\Output\Project.axf" - 0 Error(s), 0 Warning(s).
</pre>
</body>
</html>
en.c...
linking...
Program Size: Code=20204 RO-data=688 RW-data=132 ZI-data=8036  
FromELF: creating hex file...
"..\Output\Project.axf" - 0 Error(s), 1 Warning(s).
t\Project.axf" - 1 Error(s), 1 Warning(s).
Target not created
    GPIO_SetBits(GPIO_LED,DS1_PIN);
..\USER\uart.c(153): error:  #20: identifier "LED3_VALUE" is undefined
                        if(LED3_VALUE == 0)
..\USER\uart.c(154): error:  #20: identifier "GPIO_LED" is undefined
                                GPIO_SetBits(GPIO_LED,DS3_PIN);
..\USER\uart.c(154): error:  #20: identifier "DS3_PIN" is undefined
                                GPIO_SetBits(GPIO_LED,DS3_PIN);
..\USER\uart.c: 0 warnings, 6 errors
"..\Output\Project.axf" - 6 Error(s), 0 Warning(s).
Target not created
sem.c...
compiling os_task.c...
compiling os_time.c...
compiling os_tmr.c...
compiling main.c...
compiling stm32f10x_it.c...
compiling tim_pwm.c...
compiling key.c...
compiling uart.c...
compiling open.c...
linking...
Program Size: Code=20208 RO-data=688 RW-data=132 ZI-data=8036  
FromELF: creating hex file...
"..\Output\Project.axf" - 0 Error(s), 0 Warning(s).
