<html>
<body>
<pre>
<h1>礦ision Build Log</h1>
<h2>Project:</h2>
K:\工作资料\一品飞天\展示机器人控制板程序框架\Project\Project.uvproj
Project File Date:  03/15/2018

<h2>Output:</h2>
Build target 'Project'
compiling system_stm32f10x.c...
assembling startup_stm32f10x_hd.s...
compiling misc.c...
compiling stm32f10x_adc.c...
compiling stm32f10x_bkp.c...
compiling stm32f10x_can.c...
compiling stm32f10x_cec.c...
compiling stm32f10x_crc.c...
compiling stm32f10x_dac.c...
compiling stm32f10x_dbgmcu.c...
compiling stm32f10x_dma.c...
compiling stm32f10x_exti.c...
compiling stm32f10x_flash.c...
compiling stm32f10x_fsmc.c...
compiling stm32f10x_gpio.c...
compiling stm32f10x_i2c.c...
compiling stm32f10x_iwdg.c...
compiling stm32f10x_pwr.c...
compiling stm32f10x_rcc.c...
compiling stm32f10x_rtc.c...
compiling stm32f10x_sdio.c...
compiling stm32f10x_spi.c...
compiling stm32f10x_tim.c...
compiling stm32f10x_usart.c...
compiling stm32f10x_wwdg.c...
compiling os_cpu_c.c...
compiling os_dbg.c...
assembling os_cpu_a.asm...
compiling os_core.c...
compiling os_flag.c...
compiling os_mbox.c...
compiling os_mem.c...
compiling os_mutex.c...
compiling os_q.c...
compiling os_sem.c...
compiling os_task.c...
compiling os_time.c...
compiling os_tmr.c...
compiling main.c...
compiling stm32f10x_it.c...
compiling tim_pwm.c...
compiling key.c...
compiling uart.c...
linking...
Program Size: Code=20160 RO-data=688 RW-data=132 ZI-data=8036  
FromELF: creating hex file...
"..\Output\Project.axf" - 0 Error(s), 0 Warning(s).
Build target 'Project'
compiling tim_pwm.c...
linking...
Program Size: Code=20072 RO-data=688 RW-data=132 ZI-data=8036  
FromELF: creating hex file...
"..\Output\Project.axf" - 0 Error(s), 0 Warning(s).
Build target 'Project'
compiling main.c...
compiling key.c...
linking...
Program Size: Code=20072 RO-data=688 RW-data=132 ZI-data=8036  
FromELF: creating hex file...
"..\Output\Project.axf" - 0 Error(s), 0 Warning(s).
Build target 'Project'
compiling key.c...
linking...
Program Size: Code=20072 RO-data=688 RW-data=132 ZI-data=8036  
FromELF: creating hex file...
"..\Output\Project.axf" - 0 Error(s), 0 Warning(s).
Build target 'Project'
linking...
Program Size: Code=20072 RO-data=688 RW-data=132 ZI-data=8036  
FromELF: creating hex file...
"..\Output\Project.axf" - 0 Error(s), 0 Warning(s).
Build target 'Project'
compiling main.c...
linking...
Program Size: Code=20072 RO-data=688 RW-data=132 ZI-data=8036  
FromELF: creating hex file...
"..\Output\Project.axf" - 0 Error(s), 0 Warning(s).
Build target 'Project'
linking...
Program Size: Code=20072 RO-data=688 RW-data=132 ZI-data=8036  
FromELF: creating hex file...
"..\Output\Project.axf" - 0 Error(s), 0 Warning(s).
Build target 'Project'
linking...
Program Size: Code=20072 RO-data=688 RW-data=132 ZI-data=8036  
FromELF: creating hex file...
"..\Output\Project.axf" - 0 Error(s), 0 Warning(s).
Clean started: Project: 'Project'
   deleting intermediate output files for target 'Project'
