ARM Linker, 5.03 [Build 76] [MDK-ARM Standard]

==============================================================================

Section Cross References

    system_stm32f10x.o(.text) refers to system_stm32f10x.o(.data) for SystemCoreClock
    startup_stm32f10x_hd.o(STACK) refers (Special) to heapauxi.o(.text) for __use_two_region_memory
    startup_stm32f10x_hd.o(HEAP) refers (Special) to heapauxi.o(.text) for __use_two_region_memory
    startup_stm32f10x_hd.o(RESET) refers (Special) to heapauxi.o(.text) for __use_two_region_memory
    startup_stm32f10x_hd.o(RESET) refers to startup_stm32f10x_hd.o(STACK) for __initial_sp
    startup_stm32f10x_hd.o(RESET) refers to startup_stm32f10x_hd.o(.text) for Reset_Handler
    startup_stm32f10x_hd.o(RESET) refers to stm32f10x_it.o(.text) for NMI_Handler
    startup_stm32f10x_hd.o(RESET) refers to os_cpu_a.o(.text) for OS_CPU_PendSVHandler
    startup_stm32f10x_hd.o(RESET) refers to os_cpu_c.o(.text) for OS_CPU_SysTickHandler
    startup_stm32f10x_hd.o(RESET) refers to key.o(.text) for EXTI0_IRQHandler
    startup_stm32f10x_hd.o(RESET) refers to uart.o(.text) for DMA1_Channel4_IRQHandler
    startup_stm32f10x_hd.o(.text) refers (Special) to heapauxi.o(.text) for __use_two_region_memory
    startup_stm32f10x_hd.o(.text) refers to system_stm32f10x.o(.text) for SystemInit
    startup_stm32f10x_hd.o(.text) refers to __main.o(!!!main) for __main
    startup_stm32f10x_hd.o(.text) refers to startup_stm32f10x_hd.o(HEAP) for Heap_Mem
    startup_stm32f10x_hd.o(.text) refers to startup_stm32f10x_hd.o(STACK) for Stack_Mem
    stm32f10x_adc.o(.text) refers to stm32f10x_rcc.o(.text) for RCC_APB2PeriphResetCmd
    stm32f10x_bkp.o(.text) refers to stm32f10x_rcc.o(.text) for RCC_BackupResetCmd
    stm32f10x_can.o(.text) refers to stm32f10x_rcc.o(.text) for RCC_APB1PeriphResetCmd
    stm32f10x_cec.o(.text) refers to stm32f10x_rcc.o(.text) for RCC_APB1PeriphResetCmd
    stm32f10x_dac.o(.text) refers to stm32f10x_rcc.o(.text) for RCC_APB1PeriphResetCmd
    stm32f10x_gpio.o(.text) refers to stm32f10x_rcc.o(.text) for RCC_APB2PeriphResetCmd
    stm32f10x_i2c.o(.text) refers to stm32f10x_rcc.o(.text) for RCC_APB1PeriphResetCmd
    stm32f10x_pwr.o(.text) refers to stm32f10x_rcc.o(.text) for RCC_APB1PeriphResetCmd
    stm32f10x_rcc.o(.text) refers to stm32f10x_rcc.o(.data) for APBAHBPrescTable
    stm32f10x_spi.o(.text) refers to stm32f10x_rcc.o(.text) for RCC_APB2PeriphResetCmd
    stm32f10x_tim.o(.text) refers to stm32f10x_rcc.o(.text) for RCC_APB2PeriphResetCmd
    stm32f10x_usart.o(.text) refers to stm32f10x_rcc.o(.text) for RCC_APB2PeriphResetCmd
    stm32f10x_wwdg.o(.text) refers to stm32f10x_rcc.o(.text) for RCC_APB1PeriphResetCmd
    os_cpu_c.o(.text) refers to os_cpu_a.o(.text) for OS_CPU_SR_Save
    os_cpu_c.o(.text) refers to os_core.o(.text) for OSTimeTick
    os_cpu_c.o(.text) refers to os_core.o(.data) for OSIntNesting
    os_cpu_c.o(.text) refers to system_stm32f10x.o(.data) for SystemCoreClock
    os_dbg.o(.text) refers to os_dbg.o(.constdata) for OSDebugEn
    os_cpu_a.o(.text) refers to os_core.o(.data) for OSRunning
    os_cpu_a.o(.text) refers to os_cpu_c.o(.text) for OSTaskSwHook
    os_core.o(.text) refers to os_cpu_a.o(.text) for OS_CPU_SR_Save
    os_core.o(.text) refers to os_core.o(.data) for OSIntNesting
    os_core.o(.text) refers to os_core.o(.constdata) for OSUnMapTbl
    os_core.o(.text) refers to os_core.o(.bss) for OSTCBPrioTbl
    os_core.o(.text) refers to os_task.o(.text) for OSTaskStkChk
    os_core.o(.text) refers to os_time.o(.text) for OSTimeDly
    os_core.o(.text) refers to os_cpu_c.o(.text) for OSTaskStatHook
    os_core.o(.text) refers to os_flag.o(.text) for OS_FlagInit
    os_core.o(.text) refers to os_dbg.o(.text) for OSDebugInit
    os_flag.o(.text) refers to os_cpu_a.o(.text) for OS_CPU_SR_Save
    os_flag.o(.text) refers to os_core.o(.text) for OS_Sched
    os_flag.o(.text) refers to os_core.o(.data) for OSIntNesting
    os_flag.o(.text) refers to os_core.o(.bss) for OSFlagTbl
    os_mbox.o(.text) refers to os_cpu_a.o(.text) for OS_CPU_SR_Save
    os_mbox.o(.text) refers to os_core.o(.text) for OS_EventWaitListInit
    os_mbox.o(.text) refers to os_core.o(.data) for OSIntNesting
    os_sem.o(.text) refers to os_cpu_a.o(.text) for OS_CPU_SR_Save
    os_sem.o(.text) refers to os_core.o(.text) for OS_EventWaitListInit
    os_sem.o(.text) refers to os_core.o(.data) for OSIntNesting
    os_task.o(.text) refers to os_cpu_a.o(.text) for OS_CPU_SR_Save
    os_task.o(.text) refers to os_core.o(.text) for OS_Sched
    os_task.o(.text) refers to os_cpu_c.o(.text) for OSTaskStkInit
    os_task.o(.text) refers to os_flag.o(.text) for OS_FlagUnlink
    os_task.o(.text) refers to os_core.o(.bss) for OSTCBPrioTbl
    os_task.o(.text) refers to os_core.o(.data) for OSTCBCur
    os_time.o(.text) refers to os_cpu_a.o(.text) for OS_CPU_SR_Save
    os_time.o(.text) refers to os_core.o(.text) for OS_Sched
[...]
    ../clib/angel/handlers.s                 0x00000000   Number         0  __scatter_zi.o ABSOLUTE
    ../clib/angel/handlers.s                 0x00000000   Number         0  __scatter_copy.o ABSOLUTE
    ../clib/angel/kernel.s                   0x00000000   Number         0  rtentry2.o ABSOLUTE
    ../clib/angel/kernel.s                   0x00000000   Number         0  rtexit2.o ABSOLUTE
    ../clib/angel/kernel.s                   0x00000000   Number         0  rtentry4.o ABSOLUTE
    ../clib/angel/kernel.s                   0x00000000   Number         0  rtentry.o ABSOLUTE
    ../clib/angel/kernel.s                   0x00000000   Number         0  rtexit.o ABSOLUTE
    ../clib/angel/rt.s                       0x00000000   Number         0  rt_raise.o ABSOLUTE
    ../clib/angel/scatter.s                  0x00000000   Number         0  __scatter.o ABSOLUTE
    ../clib/angel/startup.s                  0x00000000   Number         0  __main.o ABSOLUTE
    ../clib/angel/sys.s                      0x00000000   Number         0  sys_stackheap_outer.o ABSOLUTE
    ../clib/angel/sys.s                      0x00000000   Number         0  use_no_semi.o ABSOLUTE
    ../clib/angel/sys.s                      0x00000000   Number         0  indicate_semi.o ABSOLUTE
    ../clib/angel/sys.s                      0x00000000   Number         0  libspace.o ABSOLUTE
    ../clib/angel/sysapp.c                   0x00000000   Number         0  sys_command.o ABSOLUTE
    ../clib/angel/sysapp.c                   0x00000000   Number         0  sys_wrch.o ABSOLUTE
    ../clib/angel/sysapp.c                   0x00000000   Number         0  sys_exit.o ABSOLUTE
    ../clib/armsys.c                         0x00000000   Number         0  argv_veneer.o ABSOLUTE
    ../clib/armsys.c                         0x00000000   Number         0  argv_veneer.o ABSOLUTE
    ../clib/armsys.c                         0x00000000   Number         0  _get_argv_nomalloc.o ABSOLUTE
    ../clib/armsys.c                         0x00000000   Number         0  no_argv.o ABSOLUTE
    ../clib/heapalloc.c                      0x00000000   Number         0  hrguard.o ABSOLUTE
    ../clib/heapaux.c                        0x00000000   Number         0  heapauxi.o ABSOLUTE
    ../clib/libinit.s                        0x00000000   Number         0  libshutdown2.o ABSOLUTE
    ../clib/libinit.s                        0x00000000   Number         0  libinit.o ABSOLUTE
    ../clib/libinit.s                        0x00000000   Number         0  libshutdown.o ABSOLUTE
    ../clib/libinit.s                        0x00000000   Number         0  libinit2.o ABSOLUTE
    ../clib/memcpset.s                       0x00000000   Number         0  rt_memclr.o ABSOLUTE
    ../clib/memcpset.s                       0x00000000   Number         0  rt_memclr_w.o ABSOLUTE
    ../clib/memcpset.s                       0x00000000   Number         0  rt_memcpy_w.o ABSOLUTE
    ../clib/memcpset.s                       0x00000000   Number         0  rt_memcpy_v6.o ABSOLUTE
    ../clib/signal.c                         0x00000000   Number         0  defsig_abrt_inner.o ABSOLUTE
    ../clib/signal.c                         0x00000000   Number         0  defsig_general.o ABSOLUTE
    ../clib/signal.c                         0x00000000   Number         0  __raise.o ABSOLUTE
    ../clib/signal.c                         0x00000000   Number         0  defsig_rtmem_inner.o ABSOLUTE
    ../clib/signal.c                         0x00000000   Number         0  defsig_rtmem_outer.o ABSOLUTE
    ../clib/signal.c                         0x00000000   Number         0  defsig_exit.o ABSOLUTE
    ../clib/signal.c                         0x00000000   Number         0  defsig_rtmem_formal.o ABSOLUTE
    ../clib/signal.c                         0x00000000   Number         0  defsig_rtred_inner.o ABSOLUTE
    ../clib/signal.c                         0x00000000   Number         0  defsig_stak_inner.o ABSOLUTE
    ../clib/signal.c                         0x00000000   Number         0  defsig_pvfn_inner.o ABSOLUTE
    ../clib/signal.c                         0x00000000   Number         0  defsig_cppl_inner.o ABSOLUTE
    ../clib/signal.c                         0x00000000   Number         0  defsig_segv_inner.o ABSOLUTE
    ../clib/signal.c                         0x00000000   Number         0  defsig_other.o ABSOLUTE
    ../clib/signal.c                         0x00000000   Number         0  defsig_fpe_inner.o ABSOLUTE
    ../clib/signal.s                         0x00000000   Number         0  defsig.o ABSOLUTE
    ../clib/stdlib.c                         0x00000000   Number         0  exit.o ABSOLUTE
    ../fplib/fpinit.s                        0x00000000   Number         0  fpinit.o ABSOLUTE
    ..\CMSIS\startup_stm32f10x_hd.s          0x00000000   Number         0  startup_stm32f10x_hd.o ABSOLUTE
    ..\CMSIS\system_stm32f10x.c              0x00000000   Number         0  system_stm32f10x.o ABSOLUTE
    ..\STM32_LIB\src\misc.c                  0x00000000   Number         0  misc.o ABSOLUTE
    ..\STM32_LIB\src\stm32f10x_adc.c         0x00000000   Number         0  stm32f10x_adc.o ABSOLUTE
    ..\STM32_LIB\src\stm32f10x_bkp.c         0x00000000   Number         0  stm32f10x_bkp.o ABSOLUTE
    ..\STM32_LIB\src\stm32f10x_can.c         0x00000000   Number         0  stm32f10x_can.o ABSOLUTE
    ..\STM32_LIB\src\stm32f10x_cec.c         0x00000000   Number         0  stm32f10x_cec.o ABSOLUTE
    ..\STM32_LIB\src\stm32f10x_crc.c         0x00000000   Number         0  stm32f10x_crc.o ABSOLUTE
    ..\STM32_LIB\src\stm32f10x_dac.c         0x00000000   Number         0  stm32f10x_dac.o ABSOLUTE
    ..\STM32_LIB\src\stm32f10x_dbgmcu.c      0x00000000   Number         0  stm32f10x_dbgmcu.o ABSOLUTE
    ..\STM32_LIB\src\stm32f10x_dma.c         0x00000000   Number         0  stm32f10x_dma.o ABSOLUTE
    ..\STM32_LIB\src\stm32f10x_exti.c        0x00000000   Number         0  stm32f10x_exti.o ABSOLUTE
    ..\STM32_LIB\src\stm32f10x_flash.c       0x00000000   Number         0  stm32f10x_flash.o ABSOLUTE
    ..\STM32_LIB\src\stm32f10x_fsmc.c        0x00000000   Number         0  stm32f10x_fsmc.o ABSOLUTE
    ..\STM32_LIB\src\stm32f10x_gpio.c        0x00000000   Number         0  stm32f10x_gpio.o ABSOLUTE
    ..\STM32_LIB\src\stm32f10x_i2c.c         0x00000000   Number         0  stm32f10x_i2c.o ABSOLUTE
    ..\STM32_LIB\src\stm32f10x_iwdg.c        0x00000000   Number         0  stm32f10x_iwdg.o ABSOLUTE
    ..\STM32_LIB\src\stm32f10x_pwr.c         0x00000000   Number         0  stm32f10x_pwr.o ABSOLUTE
    ..\STM32_LIB\src\stm32f10x_rcc.c         0x00000000   Number         0  stm32f10x_rcc.o ABSOLUTE
    ..\STM32_LIB\src\stm32f10x_rtc.c         0x00000000   Number         0  stm32f10x_rtc.o ABSOLUTE
    ..\STM32_LIB\src\stm32f10x_sdio.c        0x00000000   Number         0  stm32f10x_sdio.o ABSOLUTE
    ..\STM32_LIB\src\stm32f10x_spi.c         0x00000000   Number         0  stm32f10x_spi.o ABSOLUTE
    ..\STM32_LIB\src\stm32f10x_tim.c         0x00000000   Number         0  stm32f10x_tim.o ABSOLUTE
    ..\STM32_LIB\src\stm32f10x_usart.c       0x00000000   Number         0  stm32f10x_usart.o ABSOLUTE
    ..\STM32_LIB\src\stm32f10x_wwdg.c        0x00000000   Number         0  stm32f10x_wwdg.o ABSOLUTE
    ..\UCOSII\ports\os_cpu_a.asm             0x00000000   Number         0  os_cpu_a.o ABSOLUTE
    ..\UCOSII\ports\os_cpu_c.c               0x00000000   Number         0  os_cpu_c.o ABSOLUTE
    ..\UCOSII\ports\os_dbg.c                 0x00000000   Number         0  os_dbg.o ABSOLUTE
    ..\UCOSII\source\os_core.c               0x00000000   Number         0  os_core.o ABSOLUTE
    ..\UCOSII\source\os_flag.c               0x00000000   Number         0  os_flag.o ABSOLUTE
    ..\UCOSII\source\os_mbox.c               0x00000000   Number         0  os_mbox.o ABSOLUTE
    ..\UCOSII\source\os_mem.c                0x00000000   Number         0  os_mem.o ABSOLUTE
    ..\UCOSII\source\os_mutex.c              0x00000000   Number         0  os_mutex.o ABSOLUTE
    ..\UCOSII\source\os_q.c                  0x00000000   Number         0  os_q.o ABSOLUTE
    ..\UCOSII\source\os_sem.c                0x00000000   Number         0  os_sem.o ABSOLUTE
    ..\UCOSII\source\os_task.c               0x00000000   Number         0  os_task.o ABSOLUTE
    ..\UCOSII\source\os_time.c               0x00000000   Number         0  os_time.o ABSOLUTE
    ..\UCOSII\source\os_tmr.c                0x00000000   Number         0  os_tmr.o ABSOLUTE
    ..\USER\key.c                            0x00000000   Number         0  key.o ABSOLUTE
    ..\USER\main.c                           0x00000000   Number         0  main.o ABSOLUTE
    ..\USER\stm32f10x_it.c                   0x00000000   Number         0  stm32f10x_it.o ABSOLUTE
    ..\USER\tim_pwm.c                        0x00000000   Number         0  tim_pwm.o ABSOLUTE
    ..\USER\uart.c                           0x00000000   Number         0  uart.o ABSOLUTE
    ..\\CMSIS\\system_stm32f10x.c            0x00000000   Number         0  system_stm32f10x.o ABSOLUTE
    ..\\STM32_LIB\\src\\misc.c               0x00000000   Number         0  misc.o ABSOLUTE
    ..\\STM32_LIB\\src\\stm32f10x_adc.c      0x00000000   Number         0  stm32f10x_adc.o ABSOLUTE
    ..\\STM32_LIB\\src\\stm32f10x_bkp.c      0x00000000   Number         0  stm32f10x_bkp.o ABSOLUTE
    ..\\STM32_LIB\\src\\stm32f10x_can.c      0x00000000   Number         0  stm32f10x_can.o ABSOLUTE
    ..\\STM32_LIB\\src\\stm32f10x_cec.c      0x00000000   Number         0  stm32f10x_cec.o ABSOLUTE
    ..\\STM32_LIB\\src\\stm32f10x_crc.c      0x00000000   Number         0  stm32f10x_crc.o ABSOLUTE
    ..\\STM32_LIB\\src\\stm32f10x_dac.c      0x00000000   Number         0  stm32f10x_dac.o ABSOLUTE
    ..\\STM32_LIB\\src\\stm32f10x_dbgmcu.c   0x00000000   Number         0  stm32f10x_dbgmcu.o ABSOLUTE
    ..\\STM32_LIB\\src\\stm32f10x_dma.c      0x00000000   Number         0  stm32f10x_dma.o ABSOLUTE
    ..\\STM32_LIB\\src\\stm32f10x_exti.c     0x00000000   Number         0  stm32f10x_exti.o ABSOLUTE
    ..\\STM32_LIB\\src\\stm32f10x_flash.c    0x00000000   Number         0  stm32f10x_flash.o ABSOLUTE
    ..\\STM32_LIB\\src\\stm32f10x_fsmc.c     0x00000000   Number         0  stm32f10x_fsmc.o ABSOLUTE
    ..\\STM32_LIB\\src\\stm32f10x_gpio.c     0x00000000   Number         0  stm32f10x_gpio.o ABSOLUTE
    ..\\STM32_LIB\\src\\stm32f10x_i2c.c      0x00000000   Number         0  stm32f10x_i2c.o ABSOLUTE
    ..\\STM32_LIB\\src\\stm32f10x_iwdg.c     0x00000000   Number         0  stm32f10x_iwdg.o ABSOLUTE
    ..\\STM32_LIB\\src\\stm32f10x_pwr.c      0x00000000   Number         0  stm32f10x_pwr.o ABSOLUTE
    ..\\STM32_LIB\\src\\stm32f10x_rcc.c      0x00000000   Number         0  stm32f10x_rcc.o ABSOLUTE
    ..\\STM32_LIB\\src\\stm32f10x_rtc.c      0x00000000   Number         0  stm32f10x_rtc.o ABSOLUTE
    ..\\STM32_LIB\\src\\stm32f10x_sdio.c     0x00000000   Number         0  stm32f10x_sdio.o ABSOLUTE
    ..\\STM32_LIB\\src\\stm32f10x_spi.c      0x00000000   Number         0  stm32f10x_spi.o ABSOLUTE
    ..\\STM32_LIB\\src\\stm32f10x_tim.c      0x00000000   Number         0  stm32f10x_tim.o ABSOLUTE
    ..\\STM32_LIB\\src\\stm32f10x_usart.c    0x00000000   Number         0  stm32f10x_usart.o ABSOLUTE
    ..\\STM32_LIB\\src\\stm32f10x_wwdg.c     0x00000000   Number         0  stm32f10x_wwdg.o ABSOLUTE
    ..\\UCOSII\\ports\\os_cpu_c.c            0x00000000   Number         0  os_cpu_c.o ABSOLUTE
    ..\\USER\\key.c                          0x00000000   Number         0  key.o ABSOLUTE
    ..\\USER\\main.c                         0x00000000   Number         0  main.o ABSOLUTE
    ..\\USER\\stm32f10x_it.c                 0x00000000   Number         0  stm32f10x_it.o ABSOLUTE
    ..\\USER\\tim_pwm.c                      0x00000000   Number         0  tim_pwm.o ABSOLUTE
    ..\\USER\\uart.c                         0x00000000   Number         0  uart.o ABSOLUTE
    dc.s                                     0x00000000   Number         0  dc.o ABSOLUTE
    open.c                                   0x00000000   Number         0  open.o ABSOLUTE
    open.c                                   0x00000000   Number         0  open.o ABSOLUTE
    RESET                                    0x08000000   Section      304  startup_stm32f10x_hd.o(RESET)
    !!!main                                  0x08000130   Section        8  __main.o(!!!main)
    !!!scatter                               0x08000138   Section       52  __scatter.o(!!!scatter)
    !!handler_copy                           0x0800016c   Section       26  __scatter_copy.o(!!handler_copy)
    !!handler_zi                             0x08000188   Section       28  __scatter_zi.o(!!handler_zi)
    .ARM.Collect$$libinit$$00000000          0x080001a4   Section        2  libinit.o(.ARM.Collect$$libinit$$00000000)
    .ARM.Collect$$libinit$$00000002          0x080001a6   Section        0  libinit2.o(.ARM.Collect$$libinit$$00000002)
    .ARM.Collect$$libinit$$00000008          0x080001a6   Section        0  libinit2.o(.ARM.Collect$$libinit$$00000008)
    .ARM.Collect$$libinit$$0000000A          0x080001a6   Section        0  libinit2.o(.ARM.Collect$$libinit$$0000000A)
    .ARM.Collect$$libinit$$0000000C          0x080001a6   Section        0  libinit2.o(.ARM.Collect$$libinit$$0000000C)
    .ARM.Collect$$libinit$$0000000F          0x080001a6   Section        0  libinit2.o(.ARM.Collect$$libinit$$0000000F)
    .ARM.Collect$$libinit$$00000011          0x080001a6   Section        0  libinit2.o(.ARM.Collect$$libinit$$00000011)
    .ARM.Collect$$libinit$$00000013          0x080001a6   Section        0  libinit2.o(.ARM.Collect$$libinit$$00000013)
    .ARM.Collect$$libinit$$00000015          0x080001a6   Section        0  libinit2.o(.ARM.Collect$$libinit$$00000015)
    .ARM.Collect$$libinit$$00000017          0x080001a6   Section        0  libinit2.o(.ARM.Collect$$libinit$$00000017)
    .ARM.Collect$$libinit$$00000019          0x080001a6   Section        0  libinit2.o(.ARM.Collect$$libinit$$00000019)
    .ARM.Collect$$libinit$$0000001B          0x080001a6   Section        0  libinit2.o(.ARM.Collect$$libinit$$0000001B)
    .ARM.Collect$$libinit$$0000001D          0x080001a6   Section        0  libinit2.o(.ARM.Collect$$libinit$$0000001D)
    .ARM.Collect$$libinit$$0000001F          0x080001a6   Section        0  libinit2.o(.ARM.Collect$$libinit$$0000001F)
    .ARM.Collect$$libinit$$00000021          0x080001a6   Section        0  libinit2.o(.ARM.Collect$$libinit$$00000021)
    .ARM.Collect$$libinit$$00000023          0x080001a6   Section        0  libinit2.o(.ARM.Collect$$libinit$$00000023)
    .ARM.Collect$$libinit$$0000002A          0x080001a6   Section        0  libinit2.o(.ARM.Collect$$libinit$$0000002A)
    .ARM.Collect$$libinit$$0000002C          0x080001a6   Section        0  libinit2.o(.ARM.Collect$$libinit$$0000002C)
    .ARM.Collect$$libinit$$0000002E          0x080001a6   Section        0  libinit2.o(.ARM.Collect$$libinit$$0000002E)
    .ARM.Collect$$libinit$$00000030          0x080001a6   Section        0  libinit2.o(.ARM.Collect$$libinit$$00000030)
    .ARM.Collect$$libinit$$00000031          0x080001a6   Section        2  libinit2.o(.ARM.Collect$$libinit$$00000031)
    .ARM.Collect$$libshutdown$$00000000      0x080001a8   Section        2  libshutdown.o(.ARM.Collect$$libshutdown$$00000000)
    .ARM.Collect$$libshutdown$$00000003      0x080001aa   Section        0  libshutdown2.o(.ARM.Collect$$libshutdown$$00000003)
    .ARM.Collect$$libshutdown$$00000006      0x080001aa   Section        0  libshutdown2.o(.ARM.Collect$$libshutdown$$00000006)
    .ARM.Collect$$libshutdown$$00000009      0x080001aa   Section        0  libshutdown2.o(.ARM.Collect$$libshutdown$$00000009)
    .ARM.Collect$$libshutdown$$0000000B      0x080001aa   Section        0  libshutdown2.o(.ARM.Collect$$libshutdown$$0000000B)
    .ARM.Collect$$libshutdown$$0000000E      0x080001aa   Section        0  libshutdown2.o(.ARM.Collect$$libshutdown$$0000000E)
    .ARM.Collect$$libshutdown$$0000000F      0x080001aa   Section        2  libshutdown2.o(.ARM.Collect$$libshutdown$$0000000F)
    .ARM.Collect$$rtentry$$00000000          0x080001ac   Section        0  rtentry.o(.ARM.Collect$$rtentry$$00000000)
    .ARM.Collect$$rtentry$$00000002          0x080001ac   Section        0  rtentry2.o(.ARM.Collect$$rtentry$$00000002)
    .ARM.Collect$$rtentry$$00000004          0x080001ac   Section        6  rtentry4.o(.ARM.Collect$$rtentry$$00000004)
    .ARM.Collect$$rtentry$$00000009          0x080001b2   Section        0  rtentry2.o(.ARM.Collect$$rtentry$$00000009)
    .ARM.Collect$$rtentry$$0000000A          0x080001b2   Section        4  rtentry2.o(.ARM.Collect$$rtentry$$0000000A)
    .ARM.Collect$$rtentry$$0000000C          0x080001b6   Section        0  rtentry2.o(.ARM.Collect$$rtentry$$0000000C)
    .ARM.Collect$$rtentry$$0000000D          0x080001b6   Section        8  rtentry2.o(.ARM.Collect$$rtentry$$0000000D)
    .ARM.Collect$$rtexit$$00000000           0x080001be   Section        2  rtexit.o(.ARM.Collect$$rtexit$$00000000)
    .ARM.Collect$$rtexit$$00000002           0x080001c0   Section        0  rtexit2.o(.ARM.Collect$$rtexit$$00000002)
    .ARM.Collect$$rtexit$$00000003           0x080001c0   Section        4  rtexit2.o(.ARM.Collect$$rtexit$$00000003)
    .ARM.Collect$$rtexit$$00000004           0x080001c4   Section        6  rtexit2.o(.ARM.Collect$$rtexit$$00000004)
    .text                                    0x080001cc   Section        0  system_stm32f10x.o(.text)
    SetSysClockTo72                          0x080001cd   Thumb Code   212  system_stm32f10x.o(.text)
    SetSysClock                              0x080002a1   Thumb Code     8  system_stm32f10x.o(.text)
    .text                                    0x080003a8   Section       64  startup_stm32f10x_hd.o(.text)
    .text                                    0x080003e8   Section        0  misc.o(.text)
    .text                                    0x080004c4   Section        0  stm32f10x_dma.o(.text)
    .text                                    0x08000714   Section        0  stm32f10x_exti.o(.text)
    .text                                    0x08000830   Section        0  stm32f10x_gpio.o(.text)
    .text                                    0x08000b88   Section        0  stm32f10x_rcc.o(.text)
    .text                                    0x08000f2c   Section        0  stm32f10x_tim.o(.text)
    TI4_Config                               0x080013d3   Thumb Code   130  stm32f10x_tim.o(.text)
    TI3_Config                               0x08001467   Thumb Code   122  stm32f10x_tim.o(.text)
    TI2_Config                               0x080014fb   Thumb Code   130  stm32f10x_tim.o(.text)
    TI1_Config                               0x0800158f   Thumb Code   108  stm32f10x_tim.o(.text)
    .text                                    0x08001d48   Section        0  stm32f10x_usart.o(.text)
    .text                                    0x08002150   Section        0  os_cpu_c.o(.text)
    .text                                    0x08002280   Section        0  os_dbg.o(.text)
    .text                                    0x08002394   Section      164  os_cpu_a.o(.text)
    .text                                    0x08002438   Section        0  os_core.o(.text)
    OS_SchedNew                              0x08002581   Thumb Code    26  os_core.o(.text)
    OS_InitTaskStat                          0x0800299b   Thumb Code    52  os_core.o(.text)
    OS_InitTaskIdle                          0x080029ef   Thumb Code    52  os_core.o(.text)
    OS_InitEventList                         0x08002a35   Thumb Code    70  os_core.o(.text)
    OS_InitTCBList                           0x08002a7b   Thumb Code    86  os_core.o(.text)
    OS_InitRdyList                           0x08002ad1   Thumb Code    46  os_core.o(.text)
    OS_InitMisc                              0x08002aff   Thumb Code    44  os_core.o(.text)
    .text                                    0x080030f4   Section        0  os_flag.o(.text)
    OS_FlagTaskRdy                           0x08003271   Thumb Code    96  os_flag.o(.text)
    OS_FlagBlock                             0x08003469   Thumb Code   152  os_flag.o(.text)
    .text                                    0x08003938   Section        0  os_sem.o(.text)
    .text                                    0x08003cf8   Section        0  os_task.o(.text)
    .text                                    0x080044cc   Section        0  os_time.o(.text)
    .text                                    0x08004690   Section        0  main.o(.text)
    .text                                    0x080048b4   Section        0  stm32f10x_it.o(.text)
    .text                                    0x080048d0   Section        0  tim_pwm.o(.text)
    TIM3_GPIO_Config                         0x080048d1   Thumb Code    60  tim_pwm.o(.text)
    TIM3_Mode_Config                         0x0800490d   Thumb Code    98  tim_pwm.o(.text)
    .text                                    0x08004988   Section        0  key.o(.text)
    Key_Init                                 0x08004989   Thumb Code    58  key.o(.text)
    .text                                    0x08004a98   Section        0  uart.o(.text)
    .text                                    0x08004e08   Section        0  open.o(.text)
    .text                                    0x08004e40   Section      138  rt_memcpy_v6.o(.text)
    .text                                    0x08004eca   Section       68  rt_memclr.o(.text)
    .text                                    0x08004f0e   Section        0  heapauxi.o(.text)
    .text                                    0x08004f14   Section      100  rt_memcpy_w.o(.text)
    .text                                    0x08004f78   Section       78  rt_memclr_w.o(.text)
    .text                                    0x08004fc6   Section       74  sys_stackheap_outer.o(.text)
    .text                                    0x08005010   Section        0  exit.o(.text)
    .text                                    0x0800501c   Section        8  libspace.o(.text)
    .text                                    0x08005024   Section        0  sys_exit.o(.text)
    .text                                    0x08005030   Section        2  use_no_semi.o(.text)
    .text                                    0x08005032   Section        0  indicate_semi.o(.text)
    .constdata                               0x08005034   Section       94  os_dbg.o(.constdata)
    .constdata                               0x08005092   Section      256  os_core.o(.constdata)
    .data                                    0x20000000   Section       20  system_stm32f10x.o(.data)
    .data                                    0x20000014   Section       20  stm32f10x_rcc.o(.data)
    APBAHBPrescTable                         0x20000014   Data          16  stm32f10x_rcc.o(.data)
    ADCPrescTable                            0x20000024   Data           4  stm32f10x_rcc.o(.data)
    .data                                    0x20000028   Section       64  os_core.o(.data)
    .data                                    0x20000068   Section       13  main.o(.data)
    .data                                    0x20000078   Section       12  uart.o(.data)
    .bss                                     0x20000084   Section     3636  os_core.o(.bss)
    .bss                                     0x20000eb8   Section     2000  main.o(.bss)
    .bss                                     0x20001688   Section      768  uart.o(.bss)
    .bss                                     0x20001988   Section       96  libspace.o(.bss)
    HEAP                                     0x200019e8   Section      512  startup_stm32f10x_hd.o(HEAP)
    Heap_Mem                                 0x200019e8   Data         512  startup_stm32f10x_hd.o(HEAP)
    STACK                                    0x20001be8   Section     1024  startup_stm32f10x_hd.o(STACK)
    Stack_Mem                                0x20001be8   Data        1024  startup_stm32f10x_hd.o(STACK)
    __initial_sp                             0x20001fe8   Data           0  startup_stm32f10x_hd.o(STACK)

    Global Symbols

    Symbol Name                              Value     Ov Type        Size  Object(Section)

    BuildAttributes$$THM_ISAv4$P$D$K$B$S$PE$A:L22UL41UL21$X:L11$S22US41US21$IEEE1$IW$USESV6$~STKCKD$USESV7$~SHL$OSPACE$ROPI$EBA8$UX$STANDARDLIB$REQ8$PRES8$EABIv2 0x00000000   Number         0  anon$$obj.o ABSOLUTE
    __ARM_use_no_argv                        0x00000000   Number         0  main.o ABSOLUTE
    __ARM_exceptions_init                     - Undefined Weak Reference
    __alloca_initialize                       - Undefined Weak Reference
    __cpp_initialize__aeabi_                  - Undefined Weak Reference
    __cxa_finalize                            - Undefined Weak Reference
    __rt_locale                               - Undefined Weak Reference
    __sigvec_lookup                           - Undefined Weak Reference
    _atexit_init                              - Undefined Weak Reference
    _call_atexit_fns                          - Undefined Weak Reference
    _clock_init                               - Undefined Weak Reference
    _fp_trap_init                             - Undefined Weak Reference
    _fp_trap_shutdown                         - Undefined Weak Reference
    _get_lc_collate                           - Undefined Weak Reference
    _get_lc_ctype                             - Undefined Weak Reference
    _get_lc_monetary                          - Undefined Weak Reference
    _get_lc_numeric                           - Undefined Weak Reference
    _get_lc_time                              - Undefined Weak Reference
    _getenv_init                              - Undefined Weak Reference
    _handle_redirection                       - Undefined Weak Reference
    _init_alloc                               - Undefined Weak Reference
    _init_user_alloc                          - Undefined Weak Reference
    _initio                                   - Undefined Weak Reference
    _rand_init                                - Undefined Weak Reference
    _signal_finish                            - Undefined Weak Reference
    _signal_init                              - Undefined Weak Reference
    _terminate_alloc                          - Undefined Weak Reference
    _terminate_user_alloc                     - Undefined Weak Reference
    _terminateio                              - Undefined Weak Reference
    __Vectors_Size                           0x00000130   Number         0  startup_stm32f10x_hd.o ABSOLUTE
    __Vectors                                0x08000000   Data           4  startup_stm32f10x_hd.o(RESET)
    __Vectors_End                            0x08000130   Data           0  startup_stm32f10x_hd.o(RESET)
    __main                                   0x08000131   Thumb Code     8  __main.o(!!!main)
    __scatterload                            0x08000139   Thumb Code     0  __scatter.o(!!!scatter)
    __scatterload_rt2                        0x08000139   Thumb Code    44  __scatter.o(!!!scatter)
    __scatterload_rt2_thumb_only             0x08000139   Thumb Code     0  __scatter.o(!!!scatter)
    __scatterload_null                       0x08000147   Thumb Code     0  __scatter.o(!!!scatter)
    __scatterload_copy                       0x0800016d   Thumb Code    26  __scatter_copy.o(!!handler_copy)
    __scatterload_zeroinit                   0x08000189   Thumb Code    28  __scatter_zi.o(!!handler_zi)
    __rt_lib_init                            0x080001a5   Thumb Code     0  libinit.o(.ARM.Collect$$libinit$$00000000)
    __rt_lib_init_alloca_1                   0x080001a7   Thumb Code     0  libinit2.o(.ARM.Collect$$libinit$$0000002C)
    __rt_lib_init_argv_1                     0x080001a7   Thumb Code     0  libinit2.o(.ARM.Collect$$libinit$$0000002A)
    __rt_lib_init_atexit_1                   0x080001a7   Thumb Code     0  libinit2.o(.ARM.Collect$$libinit$$00000019)
    __rt_lib_init_clock_1                    0x080001a7   Thumb Code     0  libinit2.o(.ARM.Collect$$libinit$$0000001F)
    __rt_lib_init_cpp_1                      0x080001a7   Thumb Code     0  libinit2.o(.ARM.Collect$$libinit$$00000030)
    __rt_lib_init_exceptions_1               0x080001a7   Thumb Code     0  libinit2.o(.ARM.Collect$$libinit$$0000002E)
    __rt_lib_init_fp_1                       0x080001a7   Thumb Code     0  libinit2.o(.ARM.Collect$$libinit$$00000002)
    __rt_lib_init_fp_trap_1                  0x080001a7   Thumb Code     0  libinit2.o(.ARM.Collect$$libinit$$0000001D)
    __rt_lib_init_getenv_1                   0x080001a7   Thumb Code     0  libinit2.o(.ARM.Collect$$libinit$$00000021)
    __rt_lib_init_heap_1                     0x080001a7   Thumb Code     0  libinit2.o(.ARM.Collect$$libinit$$00000008)
    __rt_lib_init_lc_collate_1               0x080001a7   Thumb Code     0  libinit2.o(.ARM.Collect$$libinit$$0000000F)
    __rt_lib_init_lc_ctype_1                 0x080001a7   Thumb Code     0  libinit2.o(.ARM.Collect$$libinit$$00000011)
    __rt_lib_init_lc_monetary_1              0x080001a7   Thumb Code     0  libinit2.o(.ARM.Collect$$libinit$$00000013)
    __rt_lib_init_lc_numeric_1               0x080001a7   Thumb Code     0  libinit2.o(.ARM.Collect$$libinit$$00000015)
    __rt_lib_init_lc_time_1                  0x080001a7   Thumb Code     0  libinit2.o(.ARM.Collect$$libinit$$00000017)
    __rt_lib_init_rand_1                     0x080001a7   Thumb Code     0  libinit2.o(.ARM.Collect$$libinit$$0000000C)
    __rt_lib_init_return                     0x080001a7   Thumb Code     0  libinit2.o(.ARM.Collect$$libinit$$00000031)
    __rt_lib_init_signal_1                   0x080001a7   Thumb Code     0  libinit2.o(.ARM.Collect$$libinit$$0000001B)
    __rt_lib_init_stdio_1                    0x080001a7   Thumb Code     0  libinit2.o(.ARM.Collect$$libinit$$00000023)
    __rt_lib_init_user_alloc_1               0x080001a7   Thumb Code     0  libinit2.o(.ARM.Collect$$libinit$$0000000A)
    __rt_lib_shutdown                        0x080001a9   Thumb Code     0  libshutdown.o(.ARM.Collect$$libshutdown$$00000000)
    __rt_lib_shutdown_fp_trap_1              0x080001ab   Thumb Code     0  libshutdown2.o(.ARM.Collect$$libshutdown$$00000006)
    __rt_lib_shutdown_heap_1                 0x080001ab   Thumb Code     0  libshutdown2.o(.ARM.Collect$$libshutdown$$0000000E)
    __rt_lib_shutdown_return                 0x080001ab   Thumb Code     0  libshutdown2.o(.ARM.Collect$$libshutdown$$0000000F)
    __rt_lib_shutdown_signal_1               0x080001ab   Thumb Code     0  libshutdown2.o(.ARM.Collect$$libshutdown$$00000009)
    __rt_lib_shutdown_stdio_1                0x080001ab   Thumb Code     0  libshutdown2.o(.ARM.Collect$$libshutdown$$00000003)
    __rt_lib_shutdown_user_alloc_1           0x080001ab   Thumb Code     0  libshutdown2.o(.ARM.Collect$$libshutdown$$0000000B)
    __rt_entry                               0x080001ad   Thumb Code     0  rtentry.o(.ARM.Collect$$rtentry$$00000000)
    __rt_entry_presh_1                       0x080001ad   Thumb Code     0  rtentry2.o(.ARM.Collect$$rtentry$$00000002)
    __rt_entry_sh                            0x080001ad   Thumb Code     0  rtentry4.o(.ARM.Collect$$rtentry$$00000004)
    __rt_entry_li                            0x080001b3   Thumb Code     0  rtentry2.o(.ARM.Collect$$rtentry$$0000000A)
    __rt_entry_postsh_1                      0x080001b3   Thumb Code     0  rtentry2.o(.ARM.Collect$$rtentry$$00000009)
    __rt_entry_main                          0x080001b7   Thumb Code     0  rtentry2.o(.ARM.Collect$$rtentry$$0000000D)
    __rt_entry_postli_1                      0x080001b7   Thumb Code     0  rtentry2.o(.ARM.Collect$$rtentry$$0000000C)
    __rt_exit                                0x080001bf   Thumb Code     0  rtexit.o(.ARM.Collect$$rtexit$$00000000)
    __rt_exit_ls                             0x080001c1   Thumb Code     0  rtexit2.o(.ARM.Collect$$rtexit$$00000003)
    __rt_exit_prels_1                        0x080001c1   Thumb Code     0  rtexit2.o(.ARM.Collect$$rtexit$$00000002)
    __rt_exit_exit                           0x080001c5   Thumb Code     0  rtexit2.o(.ARM.Collect$$rtexit$$00000004)
    SystemInit                               0x080002a9   Thumb Code    78  system_stm32f10x.o(.text)
    SystemCoreClockUpdate                    0x080002f7   Thumb Code   142  system_stm32f10x.o(.text)
    Reset_Handler                            0x080003a9   Thumb Code     8  startup_stm32f10x_hd.o(.text)
    ADC1_2_IRQHandler                        0x080003c3   Thumb Code     0  startup_stm32f10x_hd.o(.text)
    ADC3_IRQHandler                          0x080003c3   Thumb Code     0  startup_stm32f10x_hd.o(.text)
    CAN1_RX1_IRQHandler                      0x080003c3   Thumb Code     0  startup_stm32f10x_hd.o(.text)
    CAN1_SCE_IRQHandler                      0x080003c3   Thumb Code     0  startup_stm32f10x_hd.o(.text)
    DMA1_Channel1_IRQHandler                 0x080003c3   Thumb Code     0  startup_stm32f10x_hd.o(.text)
    DMA1_Channel2_IRQHandler                 0x080003c3   Thumb Code     0  startup_stm32f10x_hd.o(.text)
    DMA1_Channel3_IRQHandler                 0x080003c3   Thumb Code     0  startup_stm32f10x_hd.o(.text)
    DMA1_Channel5_IRQHandler                 0x080003c3   Thumb Code     0  startup_stm32f10x_hd.o(.text)
    DMA1_Channel6_IRQHandler                 0x080003c3   Thumb Code     0  startup_stm32f10x_hd.o(.text)
    DMA1_Channel7_IRQHandler                 0x080003c3   Thumb Code     0  startup_stm32f10x_hd.o(.text)
    DMA2_Channel1_IRQHandler                 0x080003c3   Thumb Code     0  startup_stm32f10x_hd.o(.text)
    DMA2_Channel2_IRQHandler                 0x080003c3   Thumb Code     0  startup_stm32f10x_hd.o(.text)
    DMA2_Channel3_IRQHandler                 0x080003c3   Thumb Code     0  startup_stm32f10x_hd.o(.text)
    DMA2_Channel4_5_IRQHandler               0x080003c3   Thumb Code     0  startup_stm32f10x_hd.o(.text)
    EXTI1_IRQHandler                         0x080003c3   Thumb Code     0  startup_stm32f10x_hd.o(.text)
    EXTI2_IRQHandler                         0x080003c3   Thumb Code     0  startup_stm32f10x_hd.o(.text)
    EXTI3_IRQHandler                         0x080003c3   Thumb Code     0  startup_stm32f10x_hd.o(.text)
    EXTI4_IRQHandler                         0x080003c3   Thumb Code     0  startup_stm32f10x_hd.o(.text)
    EXTI9_5_IRQHandler                       0x080003c3   Thumb Code     0  startup_stm32f10x_hd.o(.text)
    FLASH_IRQHandler                         0x080003c3   Thumb Code     0  startup_stm32f10x_hd.o(.text)
    FSMC_IRQHandler                          0x080003c3   Thumb Code     0  startup_stm32f10x_hd.o(.text)
    I2C1_ER_IRQHandler                       0x080003c3   Thumb Code     0  startup_stm32f10x_hd.o(.text)
    I2C1_EV_IRQHandler                       0x080003c3   Thumb Code     0  startup_stm32f10x_hd.o(.text)
    I2C2_ER_IRQHandler                       0x080003c3   Thumb Code     0  startup_stm32f10x_hd.o(.text)
    I2C2_EV_IRQHandler                       0x080003c3   Thumb Code     0  startup_stm32f10x_hd.o(.text)
    PVD_IRQHandler                           0x080003c3   Thumb Code     0  startup_stm32f10x_hd.o(.text)
    RCC_IRQHandler                           0x080003c3   Thumb Code     0  startup_stm32f10x_hd.o(.text)
    RTCAlarm_IRQHandler                      0x080003c3   Thumb Code     0  startup_stm32f10x_hd.o(.text)
    RTC_IRQHandler                           0x080003c3   Thumb Code     0  startup_stm32f10x_hd.o(.text)
    SDIO_IRQHandler                          0x080003c3   Thumb Code     0  startup_stm32f10x_hd.o(.text)
    SPI1_IRQHandler                          0x080003c3   Thumb Code     0  startup_stm32f10x_hd.o(.text)
    SPI2_IRQHandler                          0x080003c3   Thumb Code     0  startup_stm32f10x_hd.o(.text)
    SPI3_IRQHandler                          0x080003c3   Thumb Code     0  startup_stm32f10x_hd.o(.text)
    TAMPER_IRQHandler                        0x080003c3   Thumb Code     0  startup_stm32f10x_hd.o(.text)
    TIM1_BRK_IRQHandler                      0x080003c3   Thumb Code     0  startup_stm32f10x_hd.o(.text)
    TIM1_CC_IRQHandler                       0x080003c3   Thumb Code     0  startup_stm32f10x_hd.o(.text)
    TIM1_TRG_COM_IRQHandler                  0x080003c3   Thumb Code     0  startup_stm32f10x_hd.o(.text)
    TIM1_UP_IRQHandler                       0x080003c3   Thumb Code     0  startup_stm32f10x_hd.o(.text)
    TIM2_IRQHandler                          0x080003c3   Thumb Code     0  startup_stm32f10x_hd.o(.text)
    TIM3_IRQHandler                          0x080003c3   Thumb Code     0  startup_stm32f10x_hd.o(.text)
    TIM4_IRQHandler                          0x080003c3   Thumb Code     0  startup_stm32f10x_hd.o(.text)
    TIM5_IRQHandler                          0x080003c3   Thumb Code     0  startup_stm32f10x_hd.o(.text)
    TIM6_IRQHandler                          0x080003c3   Thumb Code     0  startup_stm32f10x_hd.o(.text)
    TIM7_IRQHandler                          0x080003c3   Thumb Code     0  startup_stm32f10x_hd.o(.text)
    TIM8_BRK_IRQHandler                      0x080003c3   Thumb Code     0  startup_stm32f10x_hd.o(.text)
    TIM8_CC_IRQHandler                       0x080003c3   Thumb Code     0  startup_stm32f10x_hd.o(.text)
    TIM8_TRG_COM_IRQHandler                  0x080003c3   Thumb Code     0  startup_stm32f10x_hd.o(.text)
    TIM8_UP_IRQHandler                       0x080003c3   Thumb Code     0  startup_stm32f10x_hd.o(.text)
    UART4_IRQHandler                         0x080003c3   Thumb Code     0  startup_stm32f10x_hd.o(.text)
    UART5_IRQHandler                         0x080003c3   Thumb Code     0  startup_stm32f10x_hd.o(.text)
    USART2_IRQHandler                        0x080003c3   Thumb Code     0  startup_stm32f10x_hd.o(.text)
    USART3_IRQHandler                        0x080003c3   Thumb Code     0  startup_stm32f10x_hd.o(.text)
    USBWakeUp_IRQHandler                     0x080003c3   Thumb Code     0  startup_stm32f10x_hd.o(.text)
    USB_HP_CAN1_TX_IRQHandler                0x080003c3   Thumb Code     0  startup_stm32f10x_hd.o(.text)
    USB_LP_CAN1_RX0_IRQHandler               0x080003c3   Thumb Code     0  startup_stm32f10x_hd.o(.text)
    WWDG_IRQHandler                          0x080003c3   Thumb Code     0  startup_stm32f10x_hd.o(.text)
    __user_initial_stackheap                 0x080003c5   Thumb Code     0  startup_stm32f10x_hd.o(.text)
    NVIC_PriorityGroupConfig                 0x080003e9   Thumb Code    10  misc.o(.text)
    NVIC_Init                                0x080003f3   Thumb Code   102  misc.o(.text)
    NVIC_SetVectorTable                      0x08000459   Thumb Code    14  misc.o(.text)
    NVIC_SystemLPConfig                      0x08000467   Thumb Code    34  misc.o(.text)
    SysTick_CLKSourceConfig                  0x08000489   Thumb Code    40  misc.o(.text)
    DMA_DeInit                               0x080004c5   Thumb Code   324  stm32f10x_dma.o(.text)
    DMA_Init                                 0x08000609   Thumb Code    60  stm32f10x_dma.o(.text)
    DMA_StructInit                           0x08000645   Thumb Code    26  stm32f10x_dma.o(.text)
    DMA_Cmd                                  0x0800065f   Thumb Code    24  stm32f10x_dma.o(.text)
    DMA_ITConfig                             0x08000677   Thumb Code    18  stm32f10x_dma.o(.text)
    DMA_SetCurrDataCounter                   0x08000689   Thumb Code     4  stm32f10x_dma.o(.text)
    DMA_GetCurrDataCounter                   0x0800068d   Thumb Code     8  stm32f10x_dma.o(.text)
    DMA_GetFlagStatus                        0x08000695   Thumb Code    38  stm32f10x_dma.o(.text)
    DMA_ClearFlag                            0x080006bb   Thumb Code    22  stm32f10x_dma.o(.text)
    DMA_GetITStatus                          0x080006d1   Thumb Code    38  stm32f10x_dma.o(.text)
    DMA_ClearITPendingBit                    0x080006f7   Thumb Code    22  stm32f10x_dma.o(.text)
    EXTI_DeInit                              0x08000715   Thumb Code    28  stm32f10x_exti.o(.text)
    EXTI_Init                                0x08000731   Thumb Code   142  stm32f10x_exti.o(.text)
    EXTI_StructInit                          0x080007bf   Thumb Code    16  stm32f10x_exti.o(.text)
    EXTI_GenerateSWInterrupt                 0x080007cf   Thumb Code    16  stm32f10x_exti.o(.text)
    EXTI_GetFlagStatus                       0x080007df   Thumb Code    22  stm32f10x_exti.o(.text)
    EXTI_ClearFlag                           0x080007f5   Thumb Code     8  stm32f10x_exti.o(.text)
    EXTI_GetITStatus                         0x080007fd   Thumb Code    34  stm32f10x_exti.o(.text)
    EXTI_ClearITPendingBit                   0x0800081f   Thumb Code     8  stm32f10x_exti.o(.text)
    GPIO_DeInit                              0x08000831   Thumb Code   172  stm32f10x_gpio.o(.text)
    GPIO_AFIODeInit                          0x080008dd   Thumb Code    20  stm32f10x_gpio.o(.text)
    GPIO_Init                                0x080008f1   Thumb Code   274  stm32f10x_gpio.o(.text)
    GPIO_StructInit                          0x08000a03   Thumb Code    16  stm32f10x_gpio.o(.text)
    GPIO_ReadInputDataBit                    0x08000a13   Thumb Code    18  stm32f10x_gpio.o(.text)
    GPIO_ReadInputData                       0x08000a25   Thumb Code     8  stm32f10x_gpio.o(.text)
    GPIO_ReadOutputDataBit                   0x08000a2d   Thumb Code    18  stm32f10x_gpio.o(.text)
    GPIO_ReadOutputData                      0x08000a3f   Thumb Code     8  stm32f10x_gpio.o(.text)
    GPIO_SetBits                             0x08000a47   Thumb Code     4  stm32f10x_gpio.o(.text)
    GPIO_ResetBits                           0x08000a4b   Thumb Code     4  stm32f10x_gpio.o(.text)
    GPIO_WriteBit                            0x08000a4f   Thumb Code    10  stm32f10x_gpio.o(.text)
    GPIO_Write                               0x08000a59   Thumb Code     4  stm32f10x_gpio.o(.text)
    GPIO_PinLockConfig                       0x08000a5d   Thumb Code    18  stm32f10x_gpio.o(.text)
    GPIO_EventOutputConfig                   0x08000a6f   Thumb Code    26  stm32f10x_gpio.o(.text)
    GPIO_EventOutputCmd                      0x08000a89   Thumb Code     6  stm32f10x_gpio.o(.text)
    GPIO_PinRemapConfig                      0x08000a8f   Thumb Code   138  stm32f10x_gpio.o(.text)
    GPIO_EXTILineConfig                      0x08000b19   Thumb Code    66  stm32f10x_gpio.o(.text)
    GPIO_ETH_MediaInterfaceConfig            0x08000b5b   Thumb Code     6  stm32f10x_gpio.o(.text)
    RCC_DeInit                               0x08000b89   Thumb Code    64  stm32f10x_rcc.o(.text)
    RCC_HSEConfig                            0x08000bc9   Thumb Code    70  stm32f10x_rcc.o(.text)
    RCC_GetFlagStatus                        0x08000c0f   Thumb Code    56  stm32f10x_rcc.o(.text)
    RCC_WaitForHSEStartUp                    0x08000c47   Thumb Code    56  stm32f10x_rcc.o(.text)
    RCC_AdjustHSICalibrationValue            0x08000c7f   Thumb Code    20  stm32f10x_rcc.o(.text)
    RCC_HSICmd                               0x08000c93   Thumb Code     6  stm32f10x_rcc.o(.text)
    RCC_PLLConfig                            0x08000c99   Thumb Code    24  stm32f10x_rcc.o(.text)
    RCC_PLLCmd                               0x08000cb1   Thumb Code     6  stm32f10x_rcc.o(.text)
    RCC_SYSCLKConfig                         0x08000cb7   Thumb Code    18  stm32f10x_rcc.o(.text)
    RCC_GetSYSCLKSource                      0x08000cc9   Thumb Code    10  stm32f10x_rcc.o(.text)
    RCC_HCLKConfig                           0x08000cd3   Thumb Code    18  stm32f10x_rcc.o(.text)
    RCC_PCLK1Config                          0x08000ce5   Thumb Code    18  stm32f10x_rcc.o(.text)
    RCC_PCLK2Config                          0x08000cf7   Thumb Code    20  stm32f10x_rcc.o(.text)
    RCC_ITConfig                             0x08000d0b   Thumb Code    26  stm32f10x_rcc.o(.text)
    RCC_USBCLKConfig                         0x08000d25   Thumb Code     6  stm32f10x_rcc.o(.text)
    RCC_ADCCLKConfig                         0x08000d2b   Thumb Code    18  stm32f10x_rcc.o(.text)
    RCC_LSEConfig                            0x08000d3d   Thumb Code    44  stm32f10x_rcc.o(.text)
    RCC_LSICmd                               0x08000d69   Thumb Code     6  stm32f10x_rcc.o(.text)
    RCC_RTCCLKConfig                         0x08000d6f   Thumb Code    12  stm32f10x_rcc.o(.text)
    RCC_RTCCLKCmd                            0x08000d7b   Thumb Code     8  stm32f10x_rcc.o(.text)
    RCC_GetClocksFreq                        0x08000d83   Thumb Code   192  stm32f10x_rcc.o(.text)
    RCC_AHBPeriphClockCmd                    0x08000e43   Thumb Code    26  stm32f10x_rcc.o(.text)
    RCC_APB2PeriphClockCmd                   0x08000e5d   Thumb Code    26  stm32f10x_rcc.o(.text)
    RCC_APB1PeriphClockCmd                   0x08000e77   Thumb Code    26  stm32f10x_rcc.o(.text)
    RCC_APB2PeriphResetCmd                   0x08000e91   Thumb Code    26  stm32f10x_rcc.o(.text)
    RCC_APB1PeriphResetCmd                   0x08000eab   Thumb Code    26  stm32f10x_rcc.o(.text)
    RCC_BackupResetCmd                       0x08000ec5   Thumb Code     8  stm32f10x_rcc.o(.text)
    RCC_ClockSecuritySystemCmd               0x08000ecd   Thumb Code     6  stm32f10x_rcc.o(.text)
    RCC_MCOConfig                            0x08000ed3   Thumb Code     6  stm32f10x_rcc.o(.text)
    RCC_ClearFlag                            0x08000ed9   Thumb Code    14  stm32f10x_rcc.o(.text)
    RCC_GetITStatus                          0x08000ee7   Thumb Code    20  stm32f10x_rcc.o(.text)
    RCC_ClearITPendingBit                    0x08000efb   Thumb Code     6  stm32f10x_rcc.o(.text)
    TIM_DeInit                               0x08000f2d   Thumb Code   424  stm32f10x_tim.o(.text)
    TIM_TimeBaseInit                         0x080010d5   Thumb Code   122  stm32f10x_tim.o(.text)
    TIM_OC1Init                              0x0800114f   Thumb Code   132  stm32f10x_tim.o(.text)
    TIM_OC2Init                              0x080011d3   Thumb Code   154  stm32f10x_tim.o(.text)
    TIM_OC3Init                              0x0800126d   Thumb Code   150  stm32f10x_tim.o(.text)
    TIM_OC4Init                              0x08001303   Thumb Code   182  stm32f10x_tim.o(.text)
    TIM_SetIC4Prescaler                      0x080013b9   Thumb Code    26  stm32f10x_tim.o(.text)
    TIM_SetIC3Prescaler                      0x08001455   Thumb Code    18  stm32f10x_tim.o(.text)
    TIM_SetIC2Prescaler                      0x080014e1   Thumb Code    26  stm32f10x_tim.o(.text)
    TIM_SetIC1Prescaler                      0x0800157d   Thumb Code    18  stm32f10x_tim.o(.text)
    TIM_ICInit                               0x080015fb   Thumb Code   150  stm32f10x_tim.o(.text)
    TIM_PWMIConfig                           0x08001691   Thumb Code   124  stm32f10x_tim.o(.text)
    TIM_BDTRConfig                           0x0800170d   Thumb Code    32  stm32f10x_tim.o(.text)
    TIM_TimeBaseStructInit                   0x0800172d   Thumb Code    18  stm32f10x_tim.o(.text)
    TIM_OCStructInit                         0x0800173f   Thumb Code    20  stm32f10x_tim.o(.text)
    TIM_ICStructInit                         0x08001753   Thumb Code    18  stm32f10x_tim.o(.text)
    TIM_BDTRStructInit                       0x08001765   Thumb Code    40  stm32f10x_tim.o(.text)
    TIM_Cmd                                  0x0800178d   Thumb Code    24  stm32f10x_tim.o(.text)
    TIM_CtrlPWMOutputs                       0x080017a5   Thumb Code    30  stm32f10x_tim.o(.text)
    TIM_ITConfig                             0x080017c3   Thumb Code    18  stm32f10x_tim.o(.text)
    TIM_GenerateEvent                        0x080017d5   Thumb Code     4  stm32f10x_tim.o(.text)
    TIM_DMAConfig                            0x080017d9   Thumb Code    10  stm32f10x_tim.o(.text)
    TIM_DMACmd                               0x080017e3   Thumb Code    18  stm32f10x_tim.o(.text)
    TIM_InternalClockConfig                  0x080017f5   Thumb Code    12  stm32f10x_tim.o(.text)
    TIM_SelectInputTrigger                   0x08001801   Thumb Code    18  stm32f10x_tim.o(.text)
    TIM_ITRxExternalClockConfig              0x08001813   Thumb Code    24  stm32f10x_tim.o(.text)
    TIM_TIxExternalClockConfig               0x0800182b   Thumb Code    62  stm32f10x_tim.o(.text)
    TIM_ETRConfig                            0x08001869   Thumb Code    28  stm32f10x_tim.o(.text)
    TIM_ETRClockMode1Config                  0x08001885   Thumb Code    54  stm32f10x_tim.o(.text)
    TIM_ETRClockMode2Config                  0x080018bb   Thumb Code    32  stm32f10x_tim.o(.text)
    TIM_PrescalerConfig                      0x080018db   Thumb Code     6  stm32f10x_tim.o(.text)
    TIM_CounterModeConfig                    0x080018e1   Thumb Code    18  stm32f10x_tim.o(.text)
    TIM_EncoderInterfaceConfig               0x080018f3   Thumb Code    66  stm32f10x_tim.o(.text)
    TIM_ForcedOC1Config                      0x08001935   Thumb Code    18  stm32f10x_tim.o(.text)
    TIM_ForcedOC2Config                      0x08001947   Thumb Code    26  stm32f10x_tim.o(.text)
    TIM_ForcedOC3Config                      0x08001961   Thumb Code    18  stm32f10x_tim.o(.text)
    TIM_ForcedOC4Config                      0x08001973   Thumb Code    26  stm32f10x_tim.o(.text)
    TIM_ARRPreloadConfig                     0x0800198d   Thumb Code    24  stm32f10x_tim.o(.text)
    TIM_SelectCOM                            0x080019a5   Thumb Code    24  stm32f10x_tim.o(.text)
    TIM_SelectCCDMA                          0x080019bd   Thumb Code    24  stm32f10x_tim.o(.text)
    TIM_CCPreloadControl                     0x080019d5   Thumb Code    24  stm32f10x_tim.o(.text)
    TIM_OC1PreloadConfig                     0x080019ed   Thumb Code    18  stm32f10x_tim.o(.text)
    TIM_OC2PreloadConfig                     0x080019ff   Thumb Code    26  stm32f10x_tim.o(.text)
    TIM_OC3PreloadConfig                     0x08001a19   Thumb Code    18  stm32f10x_tim.o(.text)
    TIM_OC4PreloadConfig                     0x08001a2b   Thumb Code    26  stm32f10x_tim.o(.text)
    TIM_OC1FastConfig                        0x08001a45   Thumb Code    18  stm32f10x_tim.o(.text)
    TIM_OC2FastConfig                        0x08001a57   Thumb Code    26  stm32f10x_tim.o(.text)
    TIM_OC3FastConfig                        0x08001a71   Thumb Code    18  stm32f10x_tim.o(.text)
    TIM_OC4FastConfig                        0x08001a83   Thumb Code    26  stm32f10x_tim.o(.text)
    TIM_ClearOC1Ref                          0x08001a9d   Thumb Code    18  stm32f10x_tim.o(.text)
    TIM_ClearOC2Ref                          0x08001aaf   Thumb Code    24  stm32f10x_tim.o(.text)
    TIM_ClearOC3Ref                          0x08001ac7   Thumb Code    18  stm32f10x_tim.o(.text)
    TIM_ClearOC4Ref                          0x08001ad9   Thumb Code    24  stm32f10x_tim.o(.text)
    TIM_OC1PolarityConfig                    0x08001af1   Thumb Code    18  stm32f10x_tim.o(.text)
    TIM_OC1NPolarityConfig                   0x08001b03   Thumb Code    18  stm32f10x_tim.o(.text)
    TIM_OC2PolarityConfig                    0x08001b15   Thumb Code    26  stm32f10x_tim.o(.text)
    TIM_OC2NPolarityConfig                   0x08001b2f   Thumb Code    26  stm32f10x_tim.o(.text)
    TIM_OC3PolarityConfig                    0x08001b49   Thumb Code    26  stm32f10x_tim.o(.text)
    TIM_OC3NPolarityConfig                   0x08001b63   Thumb Code    26  stm32f10x_tim.o(.text)
    TIM_OC4PolarityConfig                    0x08001b7d   Thumb Code    26  stm32f10x_tim.o(.text)
    TIM_CCxCmd                               0x08001b97   Thumb Code    30  stm32f10x_tim.o(.text)
    TIM_CCxNCmd                              0x08001bb5   Thumb Code    30  stm32f10x_tim.o(.text)
    TIM_SelectOCxM                           0x08001bd3   Thumb Code    82  stm32f10x_tim.o(.text)
    TIM_UpdateDisableConfig                  0x08001c25   Thumb Code    24  stm32f10x_tim.o(.text)
    TIM_UpdateRequestConfig                  0x08001c3d   Thumb Code    24  stm32f10x_tim.o(.text)
    TIM_SelectHallSensor                     0x08001c55   Thumb Code    24  stm32f10x_tim.o(.text)
    TIM_SelectOnePulseMode                   0x08001c6d   Thumb Code    18  stm32f10x_tim.o(.text)
    TIM_SelectOutputTrigger                  0x08001c7f   Thumb Code    18  stm32f10x_tim.o(.text)
    TIM_SelectSlaveMode                      0x08001c91   Thumb Code    18  stm32f10x_tim.o(.text)
    TIM_SelectMasterSlaveMode                0x08001ca3   Thumb Code    18  stm32f10x_tim.o(.text)
    TIM_SetCounter                           0x08001cb5   Thumb Code     4  stm32f10x_tim.o(.text)
    TIM_SetAutoreload                        0x08001cb9   Thumb Code     4  stm32f10x_tim.o(.text)
    TIM_SetCompare1                          0x08001cbd   Thumb Code     4  stm32f10x_tim.o(.text)
    TIM_SetCompare2                          0x08001cc1   Thumb Code     4  stm32f10x_tim.o(.text)
    TIM_SetCompare3                          0x08001cc5   Thumb Code     4  stm32f10x_tim.o(.text)
    TIM_SetCompare4                          0x08001cc9   Thumb Code     6  stm32f10x_tim.o(.text)
    TIM_SetClockDivision                     0x08001ccf   Thumb Code    18  stm32f10x_tim.o(.text)
    TIM_GetCapture1                          0x08001ce1   Thumb Code     6  stm32f10x_tim.o(.text)
    TIM_GetCapture2                          0x08001ce7   Thumb Code     6  stm32f10x_tim.o(.text)
    TIM_GetCapture3                          0x08001ced   Thumb Code     6  stm32f10x_tim.o(.text)
    TIM_GetCapture4                          0x08001cf3   Thumb Code     8  stm32f10x_tim.o(.text)
    TIM_GetCounter                           0x08001cfb   Thumb Code     6  stm32f10x_tim.o(.text)
    TIM_GetPrescaler                         0x08001d01   Thumb Code     6  stm32f10x_tim.o(.text)
    TIM_GetFlagStatus                        0x08001d07   Thumb Code    18  stm32f10x_tim.o(.text)
    TIM_ClearFlag                            0x08001d19   Thumb Code     6  stm32f10x_tim.o(.text)
    TIM_GetITStatus                          0x08001d1f   Thumb Code    34  stm32f10x_tim.o(.text)
    TIM_ClearITPendingBit                    0x08001d41   Thumb Code     6  stm32f10x_tim.o(.text)
    USART_DeInit                             0x08001d49   Thumb Code   134  stm32f10x_usart.o(.text)
    USART_Init                               0x08001dcf   Thumb Code   210  stm32f10x_usart.o(.text)
    USART_StructInit                         0x08001ea1   Thumb Code    24  stm32f10x_usart.o(.text)
    USART_ClockInit                          0x08001eb9   Thumb Code    34  stm32f10x_usart.o(.text)
    USART_ClockStructInit                    0x08001edb   Thumb Code    12  stm32f10x_usart.o(.text)
    USART_Cmd                                0x08001ee7   Thumb Code    24  stm32f10x_usart.o(.text)
    USART_ITConfig                           0x08001eff   Thumb Code    74  stm32f10x_usart.o(.text)
    USART_DMACmd                             0x08001f49   Thumb Code    18  stm32f10x_usart.o(.text)
    USART_SetAddress                         0x08001f5b   Thumb Code    18  stm32f10x_usart.o(.text)
    USART_WakeUpConfig                       0x08001f6d   Thumb Code    18  stm32f10x_usart.o(.text)
    USART_ReceiverWakeUpCmd                  0x08001f7f   Thumb Code    24  stm32f10x_usart.o(.text)
    USART_LINBreakDetectLengthConfig         0x08001f97   Thumb Code    18  stm32f10x_usart.o(.text)
    USART_LINCmd                             0x08001fa9   Thumb Code    24  stm32f10x_usart.o(.text)
    USART_SendData                           0x08001fc1   Thumb Code     8  stm32f10x_usart.o(.text)
    USART_ReceiveData                        0x08001fc9   Thumb Code    10  stm32f10x_usart.o(.text)
    USART_SendBreak                          0x08001fd3   Thumb Code    10  stm32f10x_usart.o(.text)
    USART_SetGuardTime                       0x08001fdd   Thumb Code    16  stm32f10x_usart.o(.text)
    USART_SetPrescaler                       0x08001fed   Thumb Code    16  stm32f10x_usart.o(.text)
    USART_SmartCardCmd                       0x08001ffd   Thumb Code    24  stm32f10x_usart.o(.text)
    USART_SmartCardNACKCmd                   0x08002015   Thumb Code    24  stm32f10x_usart.o(.text)
    USART_HalfDuplexCmd                      0x0800202d   Thumb Code    24  stm32f10x_usart.o(.text)
    USART_OverSampling8Cmd                   0x08002045   Thumb Code    22  stm32f10x_usart.o(.text)
    USART_OneBitMethodCmd                    0x0800205b   Thumb Code    24  stm32f10x_usart.o(.text)
    USART_IrDAConfig                         0x08002073   Thumb Code    18  stm32f10x_usart.o(.text)
    USART_IrDACmd                            0x08002085   Thumb Code    24  stm32f10x_usart.o(.text)
    USART_GetFlagStatus                      0x0800209d   Thumb Code    26  stm32f10x_usart.o(.text)
    USART_ClearFlag                          0x080020b7   Thumb Code    18  stm32f10x_usart.o(.text)
    USART_GetITStatus                        0x080020c9   Thumb Code    84  stm32f10x_usart.o(.text)
    USART_ClearITPendingBit                  0x0800211d   Thumb Code    52  stm32f10x_usart.o(.text)
    OSInitHookBegin                          0x08002151   Thumb Code     2  os_cpu_c.o(.text)
    OSInitHookEnd                            0x08002153   Thumb Code     2  os_cpu_c.o(.text)
    OSTaskCreateHook                         0x08002155   Thumb Code     2  os_cpu_c.o(.text)
    OSTaskDelHook                            0x08002157   Thumb Code     2  os_cpu_c.o(.text)
    OSTaskIdleHook                           0x08002159   Thumb Code     2  os_cpu_c.o(.text)
    OSTaskStatHook                           0x0800215b   Thumb Code     2  os_cpu_c.o(.text)
    OSTaskStkInit                            0x0800215d   Thumb Code   154  os_cpu_c.o(.text)
    OSTaskSwHook                             0x080021f7   Thumb Code     2  os_cpu_c.o(.text)
    OSTCBInitHook                            0x080021f9   Thumb Code     2  os_cpu_c.o(.text)
    OSTimeTickHook                           0x080021fb   Thumb Code     2  os_cpu_c.o(.text)
    OS_CPU_SysTickHandler                    0x080021fd   Thumb Code    34  os_cpu_c.o(.text)
    OS_CPU_SysTickInit                       0x0800221f   Thumb Code    82  os_cpu_c.o(.text)
    OSDebugInit                              0x08002281   Thumb Code    94  os_dbg.o(.text)
    OS_CPU_SR_Save                           0x08002395   Thumb Code     0  os_cpu_a.o(.text)
    OS_CPU_SR_Restore                        0x0800239d   Thumb Code     0  os_cpu_a.o(.text)
    OSStartHighRdy                           0x080023a3   Thumb Code     0  os_cpu_a.o(.text)
    OSCtxSw                                  0x080023c3   Thumb Code     0  os_cpu_a.o(.text)
    OSIntCtxSw                               0x080023cd   Thumb Code     0  os_cpu_a.o(.text)
    OS_CPU_PendSVHandler                     0x080023d7   Thumb Code     0  os_cpu_a.o(.text)
    OS_StrCopy                               0x08002439   Thumb Code    28  os_core.o(.text)
    OSEventNameGet                           0x08002455   Thumb Code   100  os_core.o(.text)
    OS_StrLen                                0x080024b9   Thumb Code    20  os_core.o(.text)
    OSEventNameSet                           0x080024cd   Thumb Code   120  os_core.o(.text)
    OS_EventTaskRemoveMulti                  0x08002545   Thumb Code    60  os_core.o(.text)
    OS_Sched                                 0x0800259b   Thumb Code    86  os_core.o(.text)
    OS_EventTaskWaitMulti                    0x080025f1   Thumb Code   136  os_core.o(.text)
    OSEventPendMulti                         0x08002679   Thumb Code   634  os_core.o(.text)
    OS_TaskStatStkChk                        0x080028f3   Thumb Code    54  os_core.o(.text)
    OS_TaskStat                              0x08002929   Thumb Code   114  os_core.o(.text)
    OS_TaskIdle                              0x080029cf   Thumb Code    32  os_core.o(.text)
    OS_MemClr                                0x08002a23   Thumb Code    18  os_core.o(.text)
    OSInit                                   0x08002b2b   Thumb Code    44  os_core.o(.text)
    OSIntEnter                               0x08002b57   Thumb Code    28  os_core.o(.text)
    OSIntExit                                0x08002b73   Thumb Code   112  os_core.o(.text)
    OSSchedLock                              0x08002be3   Thumb Code    50  os_core.o(.text)
    OSSchedUnlock                            0x08002c15   Thumb Code   224  os_core.o(.text)
    OSStart                                  0x08002cf5   Thumb Code    48  os_core.o(.text)
    OSStatInit                               0x08002d25   Thumb Code    62  os_core.o(.text)
    OSTimeTick                               0x08002d63   Thumb Code   220  os_core.o(.text)
    OSVersion                                0x08002e3f   Thumb Code     6  os_core.o(.text)
    OS_Dummy                                 0x08002e45   Thumb Code     2  os_core.o(.text)
    OS_EventTaskRemove                       0x08002e47   Thumb Code    42  os_core.o(.text)
    OS_EventTaskRdy                          0x08002e71   Thumb Code   132  os_core.o(.text)
    OS_EventTaskWait                         0x08002ef5   Thumb Code   112  os_core.o(.text)
    OS_EventWaitListInit                     0x08002f65   Thumb Code    28  os_core.o(.text)
    OS_MemCopy                               0x08002f81   Thumb Code    20  os_core.o(.text)
    OS_TCBInit                               0x08002f95   Thumb Code   282  os_core.o(.text)
    OSFlagAccept                             0x080030f5   Thumb Code   252  os_flag.o(.text)
    OSFlagCreate                             0x080031f1   Thumb Code    92  os_flag.o(.text)
    OS_FlagUnlink                            0x0800324d   Thumb Code    36  os_flag.o(.text)
    OSFlagDel                                0x080032d1   Thumb Code   224  os_flag.o(.text)
    OSFlagNameGet                            0x080033b1   Thumb Code    82  os_flag.o(.text)
    OSFlagNameSet                            0x08003403   Thumb Code   102  os_flag.o(.text)
    OSFlagPend                               0x08003501   Thumb Code   614  os_flag.o(.text)
    OSFlagPendGetFlagsRdy                    0x08003767   Thumb Code    26  os_flag.o(.text)
    OSFlagPost                               0x08003781   Thumb Code   312  os_flag.o(.text)
    OSFlagQuery                              0x080038b9   Thumb Code    48  os_flag.o(.text)
    OS_FlagInit                              0x080038e9   Thumb Code    68  os_flag.o(.text)
    OSSemAccept                              0x08003939   Thumb Code    44  os_sem.o(.text)
    OSSemCreate                              0x08003965   Thumb Code    78  os_sem.o(.text)
    OSSemDel                                 0x080039b3   Thumb Code   220  os_sem.o(.text)
    OSSemPend                                0x08003a8f   Thumb Code   234  os_sem.o(.text)
    OSSemPendAbort                           0x08003b79   Thumb Code   128  os_sem.o(.text)
    OSSemPost                                0x08003bf9   Thumb Code    88  os_sem.o(.text)
    OSSemQuery                               0x08003c51   Thumb Code    82  os_sem.o(.text)
    OSSemSet                                 0x08003ca3   Thumb Code    68  os_sem.o(.text)
    OSTaskChangePrio                         0x08003cf9   Thumb Code   396  os_task.o(.text)
    OSTaskCreate                             0x08003e85   Thumb Code   150  os_task.o(.text)
    OS_TaskStkClr                            0x08003f1b   Thumb Code    26  os_task.o(.text)
    OSTaskCreateExt                          0x08003f35   Thumb Code   172  os_task.o(.text)
    OSTaskDel                                0x08003fe1   Thumb Code   356  os_task.o(.text)
    OSTaskDelReq                             0x08004145   Thumb Code   100  os_task.o(.text)
    OSTaskNameGet                            0x080041a9   Thumb Code   116  os_task.o(.text)
    OSTaskNameSet                            0x0800421d   Thumb Code   132  os_task.o(.text)
    OSTaskResume                             0x080042a1   Thumb Code   160  os_task.o(.text)
    OSTaskStkChk                             0x08004341   Thumb Code   132  os_task.o(.text)
    OSTaskSuspend                            0x080043c5   Thumb Code   152  os_task.o(.text)
    OSTaskQuery                              0x0800445d   Thumb Code    82  os_task.o(.text)
    OSTimeDly                                0x080044cd   Thumb Code    96  os_time.o(.text)
    OSTimeDlyHMSM                            0x0800452d   Thumb Code   108  os_time.o(.text)
    OSTimeDlyResume                          0x08004599   Thumb Code   176  os_time.o(.text)
    OSTimeGet                                0x08004649   Thumb Code    24  os_time.o(.text)
    OSTimeSet                                0x08004661   Thumb Code    24  os_time.o(.text)
    Task_KEY                                 0x08004691   Thumb Code   224  main.o(.text)
    Task_LED                                 0x08004771   Thumb Code    52  main.o(.text)
    main                                     0x080047a5   Thumb Code   200  main.o(.text)
    NMI_Handler                              0x080048b5   Thumb Code     2  stm32f10x_it.o(.text)
    HardFault_Handler                        0x080048b7   Thumb Code     4  stm32f10x_it.o(.text)
    MemManage_Handler                        0x080048bb   Thumb Code     4  stm32f10x_it.o(.text)
    BusFault_Handler                         0x080048bf   Thumb Code     4  stm32f10x_it.o(.text)
    UsageFault_Handler                       0x080048c3   Thumb Code     4  stm32f10x_it.o(.text)
    SVC_Handler                              0x080048c7   Thumb Code     2  stm32f10x_it.o(.text)
    DebugMon_Handler                         0x080048c9   Thumb Code     2  stm32f10x_it.o(.text)
    PendSV_Handler                           0x080048cb   Thumb Code     2  stm32f10x_it.o(.text)
    SysTick_Handler                          0x080048cd   Thumb Code     2  stm32f10x_it.o(.text)
    TIM3_PWM_Init                            0x0800496f   Thumb Code    12  tim_pwm.o(.text)
    Key_Exti_Init                            0x080049c3   Thumb Code   146  key.o(.text)
    EXTI15_10_IRQHandler                     0x08004a55   Thumb Code    28  key.o(.text)
    EXTI0_IRQHandler                         0x08004a71   Thumb Code    26  key.o(.text)
    uart1_init                               0x08004a99   Thumb Code   356  uart.o(.text)
    Task_Uart1_Recv                          0x08004bfd   Thumb Code   228  uart.o(.text)
    Task_Uart1_Send                          0x08004ce1   Thumb Code    80  uart.o(.text)
    USART1_IRQHandler                        0x08004d31   Thumb Code   130  uart.o(.text)
    DMA1_Channel4_IRQHandler                 0x08004db3   Thumb Code    34  uart.o(.text)
    delaysimple                              0x08004e09   Thumb Code    12  open.o(.text)
    RELAY1_Init                              0x08004e15   Thumb Code    38  open.o(.text)
    __aeabi_memcpy                           0x08004e41   Thumb Code     0  rt_memcpy_v6.o(.text)
    __rt_memcpy                              0x08004e41   Thumb Code   138  rt_memcpy_v6.o(.text)
    _memcpy_lastbytes                        0x08004ea7   Thumb Code     0  rt_memcpy_v6.o(.text)
    __aeabi_memclr                           0x08004ecb   Thumb Code     0  rt_memclr.o(.text)
    __rt_memclr                              0x08004ecb   Thumb Code    68  rt_memclr.o(.text)
    _memset                                  0x08004ecf   Thumb Code     0  rt_memclr.o(.text)
    __use_two_region_memory                  0x08004f0f   Thumb Code     2  heapauxi.o(.text)
    __rt_heap_escrow$2region                 0x08004f11   Thumb Code     2  heapauxi.o(.text)
    __rt_heap_expand$2region                 0x08004f13   Thumb Code     2  heapauxi.o(.text)
    __aeabi_memcpy4                          0x08004f15   Thumb Code     0  rt_memcpy_w.o(.text)
    __aeabi_memcpy8                          0x08004f15   Thumb Code     0  rt_memcpy_w.o(.text)
    __rt_memcpy_w                            0x08004f15   Thumb Code   100  rt_memcpy_w.o(.text)
    _memcpy_lastbytes_aligned                0x08004f5d   Thumb Code     0  rt_memcpy_w.o(.text)
    __aeabi_memclr4                          0x08004f79   Thumb Code     0  rt_memclr_w.o(.text)
    __aeabi_memclr8                          0x08004f79   Thumb Code     0  rt_memclr_w.o(.text)
    __rt_memclr_w                            0x08004f79   Thumb Code    78  rt_memclr_w.o(.text)
    _memset_w                                0x08004f7d   Thumb Code     0  rt_memclr_w.o(.text)
    __user_setup_stackheap                   0x08004fc7   Thumb Code    74  sys_stackheap_outer.o(.text)
    exit                                     0x08005011   Thumb Code    12  exit.o(.text)
    __user_libspace                          0x0800501d   Thumb Code     8  libspace.o(.text)
    __user_perproc_libspace                  0x0800501d   Thumb Code     0  libspace.o(.text)
    __user_perthread_libspace                0x0800501d   Thumb Code     0  libspace.o(.text)
    _sys_exit                                0x08005025   Thumb Code     8  sys_exit.o(.text)
    __I$use$semihosting                      0x08005031   Thumb Code     0  use_no_semi.o(.text)
    __use_no_semihosting_swi                 0x08005031   Thumb Code     2  use_no_semi.o(.text)
    __semihosting_library_function           0x08005033   Thumb Code     0  indicate_semi.o(.text)
    OSDebugEn                                0x08005034   Data           2  os_dbg.o(.constdata)
    OSEndiannessTest                         0x08005038   Data           4  os_dbg.o(.constdata)
    OSEventMax                               0x0800503c   Data           2  os_dbg.o(.constdata)
    OSEventNameSize                          0x0800503e   Data           2  os_dbg.o(.constdata)
    OSEventEn                                0x08005040   Data           2  os_dbg.o(.constdata)
    OSEventSize                              0x08005042   Data           2  os_dbg.o(.constdata)
    OSEventTblSize                           0x08005044   Data           2  os_dbg.o(.constdata)
    OSFlagEn                                 0x08005046   Data           2  os_dbg.o(.constdata)
    OSFlagGrpSize                            0x08005048   Data           2  os_dbg.o(.constdata)
    OSFlagNodeSize                           0x0800504a   Data           2  os_dbg.o(.constdata)
    OSFlagWidth                              0x0800504c   Data           2  os_dbg.o(.constdata)
    OSFlagMax                                0x0800504e   Data           2  os_dbg.o(.constdata)
    OSFlagNameSize                           0x08005050   Data           2  os_dbg.o(.constdata)
    OSLowestPrio                             0x08005052   Data           2  os_dbg.o(.constdata)
    OSMboxEn                                 0x08005054   Data           2  os_dbg.o(.constdata)
    OSMemEn                                  0x08005056   Data           2  os_dbg.o(.constdata)
    OSMemMax                                 0x08005058   Data           2  os_dbg.o(.constdata)
    OSMemNameSize                            0x0800505a   Data           2  os_dbg.o(.constdata)
    OSMemSize                                0x0800505c   Data           2  os_dbg.o(.constdata)
    OSMemTblSize                             0x0800505e   Data           2  os_dbg.o(.constdata)
    OSMutexEn                                0x08005060   Data           2  os_dbg.o(.constdata)
    OSPtrSize                                0x08005062   Data           2  os_dbg.o(.constdata)
    OSQEn                                    0x08005064   Data           2  os_dbg.o(.constdata)
    OSQMax                                   0x08005066   Data           2  os_dbg.o(.constdata)
    OSQSize                                  0x08005068   Data           2  os_dbg.o(.constdata)
    OSRdyTblSize                             0x0800506a   Data           2  os_dbg.o(.constdata)
    OSSemEn                                  0x0800506c   Data           2  os_dbg.o(.constdata)
    OSStkWidth                               0x0800506e   Data           2  os_dbg.o(.constdata)
    OSTaskCreateEn                           0x08005070   Data           2  os_dbg.o(.constdata)
    OSTaskCreateExtEn                        0x08005072   Data           2  os_dbg.o(.constdata)
    OSTaskDelEn                              0x08005074   Data           2  os_dbg.o(.constdata)
    OSTaskIdleStkSize                        0x08005076   Data           2  os_dbg.o(.constdata)
    OSTaskProfileEn                          0x08005078   Data           2  os_dbg.o(.constdata)
    OSTaskMax                                0x0800507a   Data           2  os_dbg.o(.constdata)
    OSTaskNameSize                           0x0800507c   Data           2  os_dbg.o(.constdata)
    OSTaskStatEn                             0x0800507e   Data           2  os_dbg.o(.constdata)
    OSTaskStatStkSize                        0x08005080   Data           2  os_dbg.o(.constdata)
    OSTaskStatStkChkEn                       0x08005082   Data           2  os_dbg.o(.constdata)
    OSTaskSwHookEn                           0x08005084   Data           2  os_dbg.o(.constdata)
    OSTCBPrioTblMax                          0x08005086   Data           2  os_dbg.o(.constdata)
    OSTCBSize                                0x08005088   Data           2  os_dbg.o(.constdata)
    OSTicksPerSec                            0x0800508a   Data           2  os_dbg.o(.constdata)
    OSTimeTickHookEn                         0x0800508c   Data           2  os_dbg.o(.constdata)
    OSVersionNbr                             0x0800508e   Data           2  os_dbg.o(.constdata)
    OSDataSize                               0x08005090   Data           2  os_dbg.o(.constdata)
    OSUnMapTbl                               0x08005092   Data         256  os_core.o(.constdata)
    Region$$Table$$Base                      0x08005194   Number         0  anon$$obj.o(Region$$Table)
    Region$$Table$$Limit                     0x080051b4   Number         0  anon$$obj.o(Region$$Table)
    SystemCoreClock                          0x20000000   Data           4  system_stm32f10x.o(.data)
    AHBPrescTable                            0x20000004   Data          16  system_stm32f10x.o(.data)
    OSCtxSwCtr                               0x20000028   Data           4  os_core.o(.data)
    OSEventFreeList                          0x2000002c   Data           4  os_core.o(.data)
    OSFlagFreeList                           0x20000030   Data           4  os_core.o(.data)
    OSCPUUsage                               0x20000034   Data           1  os_core.o(.data)
    OSIdleCtrMax                             0x20000038   Data           4  os_core.o(.data)
    OSIdleCtrRun                             0x2000003c   Data           4  os_core.o(.data)
    OSStatRdy                                0x20000040   Data           1  os_core.o(.data)
    OSIntNesting                             0x20000041   Data           1  os_core.o(.data)
    OSLockNesting                            0x20000042   Data           1  os_core.o(.data)
    OSPrioCur                                0x20000043   Data           1  os_core.o(.data)
    OSPrioHighRdy                            0x20000044   Data           1  os_core.o(.data)
    OSRdyGrp                                 0x20000045   Data           1  os_core.o(.data)
    OSRdyTbl                                 0x20000046   Data           4  os_core.o(.data)
    OSRunning                                0x2000004a   Data           1  os_core.o(.data)
    OSTaskCtr                                0x2000004b   Data           1  os_core.o(.data)
    OSIdleCtr                                0x2000004c   Data           4  os_core.o(.data)
    OSTCBCur                                 0x20000050   Data           4  os_core.o(.data)
    OSTCBFreeList                            0x20000054   Data           4  os_core.o(.data)
    OSTCBHighRdy                             0x20000058   Data           4  os_core.o(.data)
    OSTCBList                                0x2000005c   Data           4  os_core.o(.data)
    OSTickStepState                          0x20000060   Data           1  os_core.o(.data)
    OSTime                                   0x20000064   Data           4  os_core.o(.data)
    motor_flag                               0x20000068   Data           4  main.o(.data)
    leddly_ms                                0x2000006c   Data           4  main.o(.data)
    g_tKeyExtiSem                            0x20000070   Data           4  main.o(.data)
    g_ucErr                                  0x20000074   Data           1  main.o(.data)
    Recv_Sem                                 0x20000078   Data           4  uart.o(.data)
    Send_Sem                                 0x2000007c   Data           4  uart.o(.data)
    Recv_Size                                0x20000080   Data           2  uart.o(.data)
    Deal_State                               0x20000082   Data           1  uart.o(.data)
    Flag_Uart_Send                           0x20000083   Data           1  uart.o(.data)
    OSEventTbl                               0x20000084   Data         320  os_core.o(.bss)
    OSFlagTbl                                0x200001c4   Data         140  os_core.o(.bss)
    OSTaskStatStk                            0x20000250   Data         512  os_core.o(.bss)
    OSTaskIdleStk                            0x20000450   Data         512  os_core.o(.bss)
    OSTCBPrioTbl                             0x20000650   Data         128  os_core.o(.bss)
    OSTCBTbl                                 0x200006d0   Data        2024  os_core.o(.bss)
    start_task_stk                           0x20000eb8   Data         400  main.o(.bss)
    task_led_stk                             0x20001048   Data         400  main.o(.bss)
    task_key_stk                             0x200011d8   Data         400  main.o(.bss)
    task_uart1_rx_stk                        0x20001368   Data         400  main.o(.bss)
    task_uart1_tx_stk                        0x200014f8   Data         400  main.o(.bss)
    Uart_Recv_Buffer                         0x20001688   Data         256  uart.o(.bss)
    Uart_Deal_Buffer                         0x20001788   Data         256  uart.o(.bss)
    Uart_Send_Buffer                         0x20001888   Data         256  uart.o(.bss)
    __libspace_start                         0x20001988   Data          96  libspace.o(.bss)
    __temporary_stack_top$libspace           0x200019e8   Data           0  libspace.o(.bss)



==============================================================================

Memory Map of the image

  Image Entry point : 0x08000131

  Load Region LR_IROM1 (Base: 0x08000000, Size: 0x00005238, Max: 0x00080000, ABSOLUTE)

    Execution Region ER_IROM1 (Base: 0x08000000, Size: 0x000051b4, Max: 0x00080000, ABSOLUTE)

    Base Addr    Size         Type   Attr      Idx    E Section Name        Object

    0x08000000   0x00000130   Data   RO          120    RESET               startup_stm32f10x_hd.o
    0x08000130   0x00000008   Code   RO          925  * !!!main             c_w.l(__main.o)
    0x08000138   0x00000034   Code   RO         1083    !!!scatter          c_w.l(__scatter.o)
    0x0800016c   0x0000001a   Code   RO         1085    !!handler_copy      c_w.l(__scatter_copy.o)
    0x08000186   0x00000002   PAD
    0x08000188   0x0000001c   Code   RO         1087    !!handler_zi        c_w.l(__scatter_zi.o)
    0x080001a4   0x00000002   Code   RO          956    .ARM.Collect$$libinit$$00000000  c_w.l(libinit.o)
    0x080001a6   0x00000000   Code   RO          963    .ARM.Collect$$libinit$$00000002  c_w.l(libinit2.o)
    0x080001a6   0x00000000   Code   RO          966    .ARM.Collect$$libinit$$00000008  c_w.l(libinit2.o)
    0x080001a6   0x00000000   Code   RO          968    .ARM.Collect$$libinit$$0000000A  c_w.l(libinit2.o)
    0x080001a6   0x00000000   Code   RO          970    .ARM.Collect$$libinit$$0000000C  c_w.l(libinit2.o)
    0x080001a6   0x00000000   Code   RO          973    .ARM.Collect$$libinit$$0000000F  c_w.l(libinit2.o)
    0x080001a6   0x00000000   Code   RO          975    .ARM.Collect$$libinit$$00000011  c_w.l(libinit2.o)
    0x080001a6   0x00000000   Code   RO          977    .ARM.Collect$$libinit$$00000013  c_w.l(libinit2.o)
    0x080001a6   0x00000000   Code   RO          979    .ARM.Collect$$libinit$$00000015  c_w.l(libinit2.o)
    0x080001a6   0x00000000   Code   RO          981    .ARM.Collect$$libinit$$00000017  c_w.l(libinit2.o)
    0x080001a6   0x00000000   Code   RO          983    .ARM.Collect$$libinit$$00000019  c_w.l(libinit2.o)
    0x080001a6   0x00000000   Code   RO          985    .ARM.Collect$$libinit$$0000001B  c_w.l(libinit2.o)
    0x080001a6   0x00000000   Code   RO          987    .ARM.Collect$$libinit$$0000001D  c_w.l(libinit2.o)
    0x080001a6   0x00000000   Code   RO          989    .ARM.Collect$$libinit$$0000001F  c_w.l(libinit2.o)
    0x080001a6   0x00000000   Code   RO          991    .ARM.Collect$$libinit$$00000021  c_w.l(libinit2.o)
    0x080001a6   0x00000000   Code   RO          993    .ARM.Collect$$libinit$$00000023  c_w.l(libinit2.o)
    0x080001a6   0x00000000   Code   RO          997    .ARM.Collect$$libinit$$0000002A  c_w.l(libinit2.o)
    0x080001a6   0x00000000   Code   RO          999    .ARM.Collect$$libinit$$0000002C  c_w.l(libinit2.o)
    0x080001a6   0x00000000   Code   RO         1001    .ARM.Collect$$libinit$$0000002E  c_w.l(libinit2.o)
    0x080001a6   0x00000000   Code   RO         1003    .ARM.Collect$$libinit$$00000030  c_w.l(libinit2.o)
    0x080001a6   0x00000002   Code   RO         1004    .ARM.Collect$$libinit$$00000031  c_w.l(libinit2.o)
    0x080001a8   0x00000002   Code   RO         1024    .ARM.Collect$$libshutdown$$00000000  c_w.l(libshutdown.o)
    0x080001aa   0x00000000   Code   RO         1038    .ARM.Collect$$libshutdown$$00000003  c_w.l(libshutdown2.o)
    0x080001aa   0x00000000   Code   RO         1041    .ARM.Collect$$libshutdown$$00000006  c_w.l(libshutdown2.o)
    0x080001aa   0x00000000   Code   RO         1044    .ARM.Collect$$libshutdown$$00000009  c_w.l(libshutdown2.o)
    0x080001aa   0x00000000   Code   RO         1046    .ARM.Collect$$libshutdown$$0000000B  c_w.l(libshutdown2.o)
    0x080001aa   0x00000000   Code   RO         1049    .ARM.Collect$$libshutdown$$0000000E  c_w.l(libshutdown2.o)
    0x080001aa   0x00000002   Code   RO         1050    .ARM.Collect$$libshutdown$$0000000F  c_w.l(libshutdown2.o)
    0x080001ac   0x00000000   Code   RO          927    .ARM.Collect$$rtentry$$00000000  c_w.l(rtentry.o)
    0x080001ac   0x00000000   Code   RO          933    .ARM.Collect$$rtentry$$00000002  c_w.l(rtentry2.o)
    0x080001ac   0x00000006   Code   RO          945    .ARM.Collect$$rtentry$$00000004  c_w.l(rtentry4.o)
    0x080001b2   0x00000000   Code   RO          935    .ARM.Collect$$rtentry$$00000009  c_w.l(rtentry2.o)
    0x080001b2   0x00000004   Code   RO          936    .ARM.Collect$$rtentry$$0000000A  c_w.l(rtentry2.o)
    0x080001b6   0x00000000   Code   RO          938    .ARM.Collect$$rtentry$$0000000C  c_w.l(rtentry2.o)
    0x080001b6   0x00000008   Code   RO          939    .ARM.Collect$$rtentry$$0000000D  c_w.l(rtentry2.o)
    0x080001be   0x00000002   Code   RO          960    .ARM.Collect$$rtexit$$00000000  c_w.l(rtexit.o)
    0x080001c0   0x00000000   Code   RO         1006    .ARM.Collect$$rtexit$$00000002  c_w.l(rtexit2.o)
    0x080001c0   0x00000004   Code   RO         1007    .ARM.Collect$$rtexit$$00000003  c_w.l(rtexit2.o)
    0x080001c4   0x00000006   Code   RO         1008    .ARM.Collect$$rtexit$$00000004  c_w.l(rtexit2.o)
    0x080001ca   0x00000002   PAD
    0x080001cc   0x000001dc   Code   RO            3    .text               system_stm32f10x.o
    0x080003a8   0x00000040   Code   RO          121    .text               startup_stm32f10x_hd.o
    0x080003e8   0x000000dc   Code   RO          127    .text               misc.o
    0x080004c4   0x00000250   Code   RO          291    .text               stm32f10x_dma.o
    0x08000714   0x0000011c   Code   RO          311    .text               stm32f10x_exti.o
    0x08000830   0x00000358   Code   RO          371    .text               stm32f10x_gpio.o
    0x08000b88   0x000003a4   Code   RO          451    .text               stm32f10x_rcc.o
    0x08000f2c   0x00000e1a   Code   RO          533    .text               stm32f10x_tim.o
    0x08001d46   0x00000002   PAD
    0x08001d48   0x00000408   Code   RO          553    .text               stm32f10x_usart.o
    0x08002150   0x00000130   Code   RO          593    .text               os_cpu_c.o
    0x08002280   0x00000114   Code   RO          628    .text               os_dbg.o
    0x08002394   0x000000a4   Code   RO          650    .text               os_cpu_a.o
    0x08002438   0x00000cbc   Code   RO          653    .text               os_core.o
    0x080030f4   0x00000844   Code   RO          673    .text               os_flag.o
    0x08003938   0x000003c0   Code   RO          715    .text               os_sem.o
    0x08003cf8   0x000007d4   Code   RO          727    .text               os_task.o
    0x080044cc   0x000001c4   Code   RO          739    .text               os_time.o
    0x08004690   0x00000224   Code   RO          759    .text               main.o
    0x080048b4   0x0000001a   Code   RO          799    .text               stm32f10x_it.o
    0x080048ce   0x00000002   PAD
    0x080048d0   0x000000b8   Code   RO          822    .text               tim_pwm.o
    0x08004988   0x00000110   Code   RO          842    .text               key.o
    0x08004a98   0x00000370   Code   RO          866    .text               uart.o
    0x08004e08   0x00000038   Code   RO          896    .text               open.o
    0x08004e40   0x0000008a   Code   RO          919    .text               c_w.l(rt_memcpy_v6.o)
    0x08004eca   0x00000044   Code   RO          921    .text               c_w.l(rt_memclr.o)
    0x08004f0e   0x00000006   Code   RO          923    .text               c_w.l(heapauxi.o)
    0x08004f14   0x00000064   Code   RO          928    .text               c_w.l(rt_memcpy_w.o)
    0x08004f78   0x0000004e   Code   RO          930    .text               c_w.l(rt_memclr_w.o)
    0x08004fc6   0x0000004a   Code   RO          947    .text               c_w.l(sys_stackheap_outer.o)
    0x08005010   0x0000000c   Code   RO          949    .text               c_w.l(exit.o)
    0x0800501c   0x00000008   Code   RO          957    .text               c_w.l(libspace.o)
    0x08005024   0x0000000c   Code   RO         1016    .text               c_w.l(sys_exit.o)
    0x08005030   0x00000002   Code   RO         1027    .text               c_w.l(use_no_semi.o)
    0x08005032   0x00000000   Code   RO         1029    .text               c_w.l(indicate_semi.o)
    0x08005032   0x00000002   PAD
    0x08005034   0x0000005e   Data   RO          629    .constdata          os_dbg.o
    0x08005092   0x00000100   Data   RO          655    .constdata          os_core.o
    0x08005192   0x00000002   PAD
    0x08005194   0x00000020   Data   RO         1081    Region$$Table       anon$$obj.o


    Execution Region RW_IRAM1 (Base: 0x20000000, Size: 0x00001fe8, Max: 0x00010000, ABSOLUTE)

    Base Addr    Size         Type   Attr      Idx    E Section Name        Object

    0x20000000   0x00000014   Data   RW            4    .data               system_stm32f10x.o
    0x20000014   0x00000014   Data   RW          452    .data               stm32f10x_rcc.o
    0x20000028   0x00000040   Data   RW          656    .data               os_core.o
    0x20000068   0x0000000d   Data   RW          762    .data               main.o
    0x20000075   0x00000003   PAD
    0x20000078   0x0000000c   Data   RW          868    .data               uart.o
    0x20000084   0x00000e34   Zero   RW          654    .bss                os_core.o
    0x20000eb8   0x000007d0   Zero   RW          760    .bss                main.o
    0x20001688   0x00000300   Zero   RW          867    .bss                uart.o
    0x20001988   0x00000060   Zero   RW          958    .bss                c_w.l(libspace.o)
    0x200019e8   0x00000200   Zero   RW          119    HEAP                startup_stm32f10x_hd.o
    0x20001be8   0x00000400   Zero   RW          118    STACK               startup_stm32f10x_hd.o


==============================================================================

Image component sizes


      Code (inc. data)   RO Data    RW Data    ZI Data      Debug   Object Name

       272         14          0          0          0       1042   key.o
       548         72          0         13       2000       2539   main.o
       220         20          0          0          0       1805   misc.o
        56          6          0          0          0        654   open.o
      3260        262        256         64       3636      18844   os_core.o
       164         32          0          0          0        292   os_cpu_a.o
       304         16          0          0          0      34378   os_cpu_c.o
       276        182         94          0          0      12318   os_dbg.o
      2116         36          0          0          0       6872   os_flag.o
       960         18          0          0          0       3930   os_sem.o
      2004         68          0          0          0       6873   os_task.o
       452         24          0          0          0       1842   os_time.o
        64         26        304          0       1536        776   startup_stm32f10x_hd.o
       592          8          0          0          0       4338   stm32f10x_dma.o
       284         10          0          0          0       2239   stm32f10x_exti.o
       856         40          0          0          0       5653   stm32f10x_gpio.o
        26          0          0          0          0       1222   stm32f10x_it.o
       932         44          0         20          0       8836   stm32f10x_rcc.o
      3610         88          0          0          0      22136   stm32f10x_tim.o
      1032         22          0          0          0       8376   stm32f10x_usart.o
       476         36          0         20          0     266491   system_stm32f10x.o
       184         14          0          0          0        896   tim_pwm.o
       880         52          0         12        768       2755   uart.o

    ----------------------------------------------------------------------
     19572       1090        688        132       7940     415107   Object Totals
         0          0         32          0          0          0   (incl. Generated)
         4          0          2          3          0          0   (incl. Padding)

    ----------------------------------------------------------------------

      Code (inc. data)   RO Data    RW Data    ZI Data      Debug   Library Member Name

         8          0          0          0          0         68   __main.o
        52          8          0          0          0          0   __scatter.o
        26          0          0          0          0          0   __scatter_copy.o
        28          0          0          0          0          0   __scatter_zi.o
        12          0          0          0          0         72   exit.o
         6          0          0          0          0        152   heapauxi.o
         0          0          0          0          0          0   indicate_semi.o
         2          0          0          0          0          0   libinit.o
         2          0          0          0          0          0   libinit2.o
         2          0          0          0          0          0   libshutdown.o
         2          0          0          0          0          0   libshutdown2.o
         8          4          0          0         96         68   libspace.o
        68          0          0          0          0         68   rt_memclr.o
        78          0          0          0          0         80   rt_memclr_w.o
       138          0          0          0          0         68   rt_memcpy_v6.o
       100          0          0          0          0         80   rt_memcpy_w.o
         0          0          0          0          0          0   rtentry.o
        12          0          0          0          0          0   rtentry2.o
         6          0          0          0          0          0   rtentry4.o
         2          0          0          0          0          0   rtexit.o
        10          0          0          0          0          0   rtexit2.o
        12          4          0          0          0         68   sys_exit.o
        74          0          0          0          0         80   sys_stackheap_outer.o
         2          0          0          0          0         68   use_no_semi.o

    ----------------------------------------------------------------------
       656         16          0          0         96        872   Library Totals
         6          0          0          0          0          0   (incl. Padding)

    ----------------------------------------------------------------------

      Code (inc. data)   RO Data    RW Data    ZI Data      Debug   Library Name

       650         16          0          0         96        872   c_w.l

    ----------------------------------------------------------------------
       656         16          0          0         96        872   Library Totals

    ----------------------------------------------------------------------

==============================================================================


      Code (inc. data)   RO Data    RW Data    ZI Data      Debug   

     20228       1106        688        132       8036     413483   Grand Totals
     20228       1106        688        132       8036     413483   ELF Image Totals
     20228       1106        688        132          0          0   ROM Totals

==============================================================================

    Total RO  Size (Code + RO Data)                20916 (  20.43kB)
    Total RW  Size (RW Data + ZI Data)              8168 (   7.98kB)
    Total ROM Size (Code + RO Data + RW Data)      21048 (  20.55kB)

==============================================================================

